Archive member included to satisfy reference by file (symbol)

C:/arm/ARM-NO~1/133167~1.3RE/bin/../lib/gcc/arm-none-eabi/13.3.1/thumb/v6-m/nofp\libgcc.a(_dvmd_tls.o)
                              CMakeFiles/oled.dir/C_/Program_Files/Raspberry_Pi/Pico_SDK_v1.5.1/pico-sdk/src/rp2_common/pico_divider/divider.S.obj (__aeabi_idiv0)
C:/arm/ARM-NO~1/133167~1.3RE/bin/../lib/gcc/arm-none-eabi/13.3.1/thumb/v6-m/nofp\libg.a(libc_a-calloc.o)
                              CMakeFiles/oled.dir/C_/Program_Files/Raspberry_Pi/Pico_SDK_v1.5.1/pico-sdk/src/rp2_common/pico_malloc/pico_malloc.c.obj (calloc)
C:/arm/ARM-NO~1/133167~1.3RE/bin/../lib/gcc/arm-none-eabi/13.3.1/thumb/v6-m/nofp\libg.a(libc_a-callocr.o)
                              C:/arm/ARM-NO~1/133167~1.3RE/bin/../lib/gcc/arm-none-eabi/13.3.1/thumb/v6-m/nofp\libg.a(libc_a-calloc.o) (_calloc_r)
C:/arm/ARM-NO~1/133167~1.3RE/bin/../lib/gcc/arm-none-eabi/13.3.1/thumb/v6-m/nofp\libg.a(libc_a-malloc.o)
                              CMakeFiles/oled.dir/C_/Program_Files/Raspberry_Pi/Pico_SDK_v1.5.1/pico-sdk/src/rp2_common/pico_malloc/pico_malloc.c.obj (malloc)
C:/arm/ARM-NO~1/133167~1.3RE/bin/../lib/gcc/arm-none-eabi/13.3.1/thumb/v6-m/nofp\libg.a(libc_a-mallocr.o)
                              C:/arm/ARM-NO~1/133167~1.3RE/bin/../lib/gcc/arm-none-eabi/13.3.1/thumb/v6-m/nofp\libg.a(libc_a-callocr.o) (_malloc_r)
C:/arm/ARM-NO~1/133167~1.3RE/bin/../lib/gcc/arm-none-eabi/13.3.1/thumb/v6-m/nofp\libg.a(libc_a-mlock.o)
                              C:/arm/ARM-NO~1/133167~1.3RE/bin/../lib/gcc/arm-none-eabi/13.3.1/thumb/v6-m/nofp\libg.a(libc_a-mallocr.o) (__malloc_lock)
C:/arm/ARM-NO~1/133167~1.3RE/bin/../lib/gcc/arm-none-eabi/13.3.1/thumb/v6-m/nofp\libg.a(libc_a-realloc.o)
                              CMakeFiles/oled.dir/C_/Program_Files/Raspberry_Pi/Pico_SDK_v1.5.1/pico-sdk/src/rp2_common/pico_malloc/pico_malloc.c.obj (realloc)
C:/arm/ARM-NO~1/133167~1.3RE/bin/../lib/gcc/arm-none-eabi/13.3.1/thumb/v6-m/nofp\libg.a(libc_a-reallocr.o)
                              C:/arm/ARM-NO~1/133167~1.3RE/bin/../lib/gcc/arm-none-eabi/13.3.1/thumb/v6-m/nofp\libg.a(libc_a-realloc.o) (_realloc_r)
C:/arm/ARM-NO~1/133167~1.3RE/bin/../lib/gcc/arm-none-eabi/13.3.1/thumb/v6-m/nofp\libg.a(libc_a-memmove.o)
                              C:/arm/ARM-NO~1/133167~1.3RE/bin/../lib/gcc/arm-none-eabi/13.3.1/thumb/v6-m/nofp\libg.a(libc_a-reallocr.o) (memmove)
C:/arm/ARM-NO~1/133167~1.3RE/bin/../lib/gcc/arm-none-eabi/13.3.1/thumb/v6-m/nofp\libg.a(libc_a-impure.o)
                              C:/arm/ARM-NO~1/133167~1.3RE/bin/../lib/gcc/arm-none-eabi/13.3.1/thumb/v6-m/nofp\libg.a(libc_a-calloc.o) (_impure_ptr)
C:/arm/ARM-NO~1/133167~1.3RE/bin/../lib/gcc/arm-none-eabi/13.3.1/thumb/v6-m/nofp\libg.a(libc_a-sbrkr.o)
                              C:/arm/ARM-NO~1/133167~1.3RE/bin/../lib/gcc/arm-none-eabi/13.3.1/thumb/v6-m/nofp\libg.a(libc_a-mallocr.o) (_sbrk_r)
C:/arm/ARM-NO~1/133167~1.3RE/bin/../lib/gcc/arm-none-eabi/13.3.1/thumb/v6-m/nofp\libg.a(libc_a-errno.o)
                              C:/arm/ARM-NO~1/133167~1.3RE/bin/../lib/gcc/arm-none-eabi/13.3.1/thumb/v6-m/nofp\libg.a(libc_a-callocr.o) (__errno)
C:/arm/ARM-NO~1/133167~1.3RE/bin/../lib/gcc/arm-none-eabi/13.3.1/thumb/v6-m/nofp\libg.a(libc_a-init.o)
                              C:/arm/ARM-NO~1/133167~1.3RE/bin/../lib/gcc/arm-none-eabi/13.3.1/thumb/v6-m/nofp/crt0.o (__libc_init_array)
C:/arm/ARM-NO~1/133167~1.3RE/bin/../lib/gcc/arm-none-eabi/13.3.1/thumb/v6-m/nofp\libg.a(libc_a-lock.o)
                              C:/arm/ARM-NO~1/133167~1.3RE/bin/../lib/gcc/arm-none-eabi/13.3.1/thumb/v6-m/nofp\libg.a(libc_a-mlock.o) (__retarget_lock_acquire_recursive)
C:/arm/ARM-NO~1/133167~1.3RE/bin/../lib/gcc/arm-none-eabi/13.3.1/thumb/v6-m/nofp\libg.a(libc_a-sysconf.o)
                              C:/arm/ARM-NO~1/133167~1.3RE/bin/../lib/gcc/arm-none-eabi/13.3.1/thumb/v6-m/nofp\libg.a(libc_a-mallocr.o) (sysconf)
C:/arm/ARM-NO~1/133167~1.3RE/bin/../lib/gcc/arm-none-eabi/13.3.1/thumb/v6-m/nofp\libg.a(libc_a-strlen-stub.o)
                              CMakeFiles/oled.dir/C_/Program_Files/Raspberry_Pi/Pico_SDK_v1.5.1/pico-sdk/src/rp2_common/pico_stdio/stdio.c.obj (strlen)
C:/arm/ARM-NO~1/133167~1.3RE/bin/../lib/gcc/arm-none-eabi/13.3.1/thumb/v6-m/nofp\libg.a(libc_a-freer.o)
                              C:/arm/ARM-NO~1/133167~1.3RE/bin/../lib/gcc/arm-none-eabi/13.3.1/thumb/v6-m/nofp\libg.a(libc_a-malloc.o) (_free_r)
C:/arm/ARM-NO~1/133167~1.3RE/bin/../lib/gcc/arm-none-eabi/13.3.1/thumb/v6-m/nofp\libg.a(libc_a-findfp.o)
                              C:/arm/ARM-NO~1/133167~1.3RE/bin/../lib/gcc/arm-none-eabi/13.3.1/thumb/v6-m/nofp\libg.a(libc_a-impure.o) (__sf)
C:/arm/ARM-NO~1/133167~1.3RE/bin/../lib/gcc/arm-none-eabi/13.3.1/thumb/v6-m/nofp\libg.a(libc_a-fwalk.o)
                              C:/arm/ARM-NO~1/133167~1.3RE/bin/../lib/gcc/arm-none-eabi/13.3.1/thumb/v6-m/nofp\libg.a(libc_a-findfp.o) (_fwalk_sglue)
[...]
Memory Configuration

Name             Origin             Length             Attributes
FLASH            0x10000000         0x00200000         xr
RAM              0x20000000         0x00040000         xrw
SCRATCH_X        0x20040000         0x00001000         xrw
SCRATCH_Y        0x20041000         0x00001000         xrw
*default*        0x00000000         0xffffffff

Linker script and memory map

LOAD C:/arm/ARM-NO~1/133167~1.3RE/bin/../lib/gcc/arm-none-eabi/13.3.1/thumb/v6-m/nofp/crti.o
LOAD C:/arm/ARM-NO~1/133167~1.3RE/bin/../lib/gcc/arm-none-eabi/13.3.1/thumb/v6-m/nofp/crtbegin.o
LOAD C:/arm/ARM-NO~1/133167~1.3RE/bin/../lib/gcc/arm-none-eabi/13.3.1/thumb/v6-m/nofp/crt0.o

.flash_begin    0x10000000        0x0
                0x10000000                        __flash_binary_start = .

.boot2          0x10000000      0x100
                0x10000000                        __boot2_start__ = .
 *(.boot2)
 .boot2         0x10000000      0x100 C:\Users\zayam\AppData\Local\Temp\cceO0YTN.o
                0x10000100                        __boot2_end__ = .
                0x00000001                        ASSERT (((__boot2_end__ - __boot2_start__) == 0x100), ERROR: Pico second stage bootloader must be 256 bytes in size)

.text           0x10000100     0x7af0
                0x10000100                        __logical_binary_start = .
 *(.vectors)
 .vectors       0x10000100       0xd4 CMakeFiles/oled.dir/C_/Program_Files/Raspberry_Pi/Pico_SDK_v1.5.1/pico-sdk/src/rp2_common/pico_standard_link/crt0.S.obj
                0x10000100                __VECTOR_TABLE
                0x10000100                __vectors
                0x100001c0                isr_invalid
                0x100001c0                __default_isrs_start
                0x100001c2                isr_nmi
                0x100001c4                isr_hardfault
                0x100001c6                isr_svcall
                0x100001c8                isr_pendsv
                0x100001ca                isr_systick
                0x100001cc                isr_irq23
                0x100001cc                isr_irq18
                0x100001cc                isr_irq11
                0x100001cc                isr_irq28
                0x100001cc                isr_irq19
                0x100001cc                isr_irq0
                0x100001cc                isr_irq6
                0x100001cc                isr_irq5
                0x100001cc                isr_irq12
                0x100001cc                isr_irq22
                0x100001cc                isr_irq31
                0x100001cc                isr_irq17
                0x100001cc                isr_irq27
                0x100001cc                isr_irq30
                0x100001cc                isr_irq2
                0x100001cc                isr_irq10
                0x100001cc                isr_irq8
                0x100001cc                isr_irq24
                0x100001cc                isr_irq1
                0x100001cc                isr_irq7
                0x100001cc                isr_irq21
                0x100001cc                isr_irq20
                0x100001cc                isr_irq15
                0x100001cc                isr_irq25
                0x100001cc                isr_irq13
                0x100001cc                __unhandled_user_irq
                0x100001cc                isr_irq4
                0x100001cc                isr_irq16
                0x100001cc                isr_irq29
                0x100001cc                isr_irq26
                0x100001cc                __default_isrs_end
                0x100001cc                isr_irq3
                0x100001cc                isr_irq14
                0x100001cc                isr_irq9
                0x100001d2                unhandled_user_irq_num_in_r0
 *(.binary_info_header)
 .binary_info_header
                0x100001d4       0x14 CMakeFiles/oled.dir/C_/Program_Files/Raspberry_Pi/Pico_SDK_v1.5.1/pico-sdk/src/rp2_common/pico_standard_link/crt0.S.obj
                0x100001e8                        __binary_info_header_end = .
 *(.reset)
 .reset         0x100001e8       0xa0 CMakeFiles/oled.dir/C_/Program_Files/Raspberry_Pi/Pico_SDK_v1.5.1/pico-sdk/src/rp2_common/pico_standard_link/crt0.S.obj
                0x100001e8                _entry_point
 .reset         0x10000288       0x30 CMakeFiles/oled.dir/C_/Program_Files/Raspberry_Pi/Pico_SDK_v1.5.1/pico-sdk/src/rp2_common/pico_standard_link/binary_info.c.obj
 *(.init)
 .init          0x100002b8        0x4 C:/arm/ARM-NO~1/133167~1.3RE/bin/../lib/gcc/arm-none-eabi/13.3.1/thumb/v6-m/nofp/crti.o
                0x100002b8                _init
 *(EXCLUDE_FILE(*libm.a: *libc.a:*lib_a-mem*.o *libgcc.a:) .text*)
 .text.register_tm_clones
                0x100002bc       0x28 C:/arm/ARM-NO~1/133167~1.3RE/bin/../lib/gcc/arm-none-eabi/13.3.1/thumb/v6-m/nofp/crtbegin.o
 .text.frame_dummy
                0x100002e4       0x24 C:/arm/ARM-NO~1/133167~1.3RE/bin/../lib/gcc/arm-none-eabi/13.3.1/thumb/v6-m/nofp/crtbegin.o
 .text.arranque
                0x10000308       0x38 CMakeFiles/oled.dir/oled.c.obj
                0x10000308                arranque
 .text.impre    0x10000340       0x64 CMakeFiles/oled.dir/oled.c.obj
                0x10000340                impre
 .text.main     0x100003a4        0xe CMakeFiles/oled.dir/oled.c.obj
                0x100003a4                main
 *fill*         0x100003b2        0x2 
 .text.fancy_write
                0x100003b4       0x34 CMakeFiles/oled.dir/C_/Users/zayam/Desktop/Oled/ssd1306.c.obj
 .text.ssd1306_write
                0x100003e8       0x24 CMakeFiles/oled.dir/C_/Users/zayam/Desktop/Oled/ssd1306.c.obj
 .text.ssd1306_init
                0x1000040c       0xd8 CMakeFiles/oled.dir/C_/Users/zayam/Desktop/Oled/ssd1306.c.obj
                0x1000040c                ssd1306_init
 .text.ssd1306_clear
                0x100004e4       0x10 CMakeFiles/oled.dir/C_/Users/zayam/Desktop/Oled/ssd1306.c.obj
                0x100004e4                ssd1306_clear
 .text.ssd1306_draw_pixel
                0x100004f4       0x26 CMakeFiles/oled.dir/C_/Users/zayam/Desktop/Oled/ssd1306.c.obj
                0x100004f4                ssd1306_draw_pixel
 .text.ssd1306_draw_square
                0x1000051a       0x3e CMakeFiles/oled.dir/C_/Users/zayam/Desktop/Oled/ssd1306.c.obj
                0x1000051a                ssd1306_draw_square
 .text.ssd1306_draw_char_with_font
                0x10000558       0xc2 CMakeFiles/oled.dir/C_/Users/zayam/Desktop/Oled/ssd1306.c.obj
                0x10000558                ssd1306_draw_char_with_font
 .text.ssd1306_draw_string_with_font
                0x1000061a       0x4a CMakeFiles/oled.dir/C_/Users/zayam/Desktop/Oled/ssd1306.c.obj
                0x1000061a                ssd1306_draw_string_with_font
 .text.ssd1306_draw_string
                0x10000664       0x18 CMakeFiles/oled.dir/C_/Users/zayam/Desktop/Oled/ssd1306.c.obj
                0x10000664                ssd1306_draw_string
 .text.ssd1306_show
                0x1000067c       0x68 CMakeFiles/oled.dir/C_/Users/zayam/Desktop/Oled/ssd1306.c.obj
                0x1000067c                ssd1306_show
 .text.gpio_set_function
                0x100006e4       0x30 CMakeFiles/oled.dir/C_/Program_Files/Raspberry_Pi/Pico_SDK_v1.5.1/pico-sdk/src/rp2_common/hardware_gpio/gpio.c.obj
                0x100006e4                gpio_set_function
 .text.gpio_set_pulls
                0x10000714       0x34 CMakeFiles/oled.dir/C_/Program_Files/Raspberry_Pi/Pico_SDK_v1.5.1/pico-sdk/src/rp2_common/hardware_gpio/gpio.c.obj
                0x10000714                gpio_set_pulls
 .text.running_on_fpga
                0x10000748       0x14 CMakeFiles/oled.dir/C_/Program_Files/Raspberry_Pi/Pico_SDK_v1.5.1/pico-sdk/src/rp2_common/pico_platform/platform.c.obj
                0x10000748                running_on_fpga
 .text.hw_claim_lock
                0x1000075c       0x18 CMakeFiles/oled.dir/C_/Program_Files/Raspberry_Pi/Pico_SDK_v1.5.1/pico-sdk/src/rp2_common/hardware_claim/claim.c.obj
                0x1000075c                hw_claim_lock
 .text.hw_claim_unlock
                0x10000774       0x14 CMakeFiles/oled.dir/C_/Program_Files/Raspberry_Pi/Pico_SDK_v1.5.1/pico-sdk/src/rp2_common/hardware_claim/claim.c.obj
                0x10000774                hw_claim_unlock
 .text.hw_claim_or_assert
                0x10000788       0x32 CMakeFiles/oled.dir/C_/Program_Files/Raspberry_Pi/Pico_SDK_v1.5.1/pico-sdk/src/rp2_common/hardware_claim/claim.c.obj
                0x10000788                hw_claim_or_assert
 .text.hw_claim_unused_from_range
                0x100007ba       0x50 CMakeFiles/oled.dir/C_/Program_Files/Raspberry_Pi/Pico_SDK_v1.5.1/pico-sdk/src/rp2_common/hardware_claim/claim.c.obj
                0x100007ba                hw_claim_unused_from_range
 *fill*         0x1000080a        0x2 
 .text.spin_locks_reset
                0x1000080c       0x20 CMakeFiles/oled.dir/C_/Program_Files/Raspberry_Pi/Pico_SDK_v1.5.1/pico-sdk/src/rp2_common/hardware_sync/sync.c.obj
                0x1000080c                spin_locks_reset
 .text.next_striped_spin_lock_num
                0x1000082c       0x1c CMakeFiles/oled.dir/C_/Program_Files/Raspberry_Pi/Pico_SDK_v1.5.1/pico-sdk/src/rp2_common/hardware_sync/sync.c.obj
                0x1000082c                next_striped_spin_lock_num
 .text.spin_lock_claim_unused
                0x10000848       0x24 CMakeFiles/oled.dir/C_/Program_Files/Raspberry_Pi/Pico_SDK_v1.5.1/pico-sdk/src/rp2_common/hardware_sync/sync.c.obj
                0x10000848                spin_lock_claim_unused
 .text.set_raw_irq_handler_and_unlock
                0x1000086c       0x28 CMakeFiles/oled.dir/C_/Program_Files/Raspberry_Pi/Pico_SDK_v1.5.1/pico-sdk/src/rp2_common/hardware_irq/irq.c.obj
 .text.resolve_branch
                0x10000894       0x30 CMakeFiles/oled.dir/C_/Program_Files/Raspberry_Pi/Pico_SDK_v1.5.1/pico-sdk/src/rp2_common/hardware_irq/irq.c.obj
 .text.make_branch
                0x100008c4       0x48 CMakeFiles/oled.dir/C_/Program_Files/Raspberry_Pi/Pico_SDK_v1.5.1/pico-sdk/src/rp2_common/hardware_irq/irq.c.obj
 .text.insert_branch_and_link
                0x1000090c       0x40 CMakeFiles/oled.dir/C_/Program_Files/Raspberry_Pi/Pico_SDK_v1.5.1/pico-sdk/src/rp2_common/hardware_irq/irq.c.obj
 .text.irq_is_enabled
                0x1000094c       0x18 CMakeFiles/oled.dir/C_/Program_Files/Raspberry_Pi/Pico_SDK_v1.5.1/pico-sdk/src/rp2_common/hardware_irq/irq.c.obj
                0x1000094c                irq_is_enabled
 .text.irq_set_mask_enabled
                0x10000964       0x20 CMakeFiles/oled.dir/C_/Program_Files/Raspberry_Pi/Pico_SDK_v1.5.1/pico-sdk/src/rp2_common/hardware_irq/irq.c.obj
                0x10000964                irq_set_mask_enabled
 .text.irq_set_enabled
                0x10000984        0xe CMakeFiles/oled.dir/C_/Program_Files/Raspberry_Pi/Pico_SDK_v1.5.1/pico-sdk/src/rp2_common/hardware_irq/irq.c.obj
                0x10000984                irq_set_enabled
 *fill*         0x10000992        0x2 
 .text.irq_set_pending
                0x10000994       0x10 CMakeFiles/oled.dir/C_/Program_Files/Raspberry_Pi/Pico_SDK_v1.5.1/pico-sdk/src/rp2_common/hardware_irq/irq.c.obj
                0x10000994                irq_set_pending
 .text.irq_get_vtable_handler
                0x100009a4       0x10 CMakeFiles/oled.dir/C_/Program_Files/Raspberry_Pi/Pico_SDK_v1.5.1/pico-sdk/src/rp2_common/hardware_irq/irq.c.obj
                0x100009a4                irq_get_vtable_handler
 .text.irq_has_shared_handler
                0x100009b4       0x24 CMakeFiles/oled.dir/C_/Program_Files/Raspberry_Pi/Pico_SDK_v1.5.1/pico-sdk/src/rp2_common/hardware_irq/irq.c.obj
                0x100009b4                irq_has_shared_handler
 .text.irq_set_exclusive_handler
                0x100009d8       0x54 CMakeFiles/oled.dir/C_/Program_Files/Raspberry_Pi/Pico_SDK_v1.5.1/pico-sdk/src/rp2_common/hardware_irq/irq.c.obj
                0x100009d8                irq_set_exclusive_handler
 .text.irq_add_shared_handler
                0x10000a2c      0x210 CMakeFiles/oled.dir/C_/Program_Files/Raspberry_Pi/Pico_SDK_v1.5.1/pico-sdk/src/rp2_common/hardware_irq/irq.c.obj
                0x10000a2c                irq_add_shared_handler
 .text.irq_remove_handler
                0x10000c3c      0x188 CMakeFiles/oled.dir/C_/Program_Files/Raspberry_Pi/Pico_SDK_v1.5.1/pico-sdk/src/rp2_common/hardware_irq/irq.c.obj
                0x10000c3c                irq_remove_handler
 .text.irq_add_tail_to_free_list
                0x10000dc4       0xf0 CMakeFiles/oled.dir/C_/Program_Files/Raspberry_Pi/Pico_SDK_v1.5.1/pico-sdk/src/rp2_common/hardware_irq/irq.c.obj
                0x10000dc4                irq_add_tail_to_free_list
 .text.irq_init_priorities
                0x10000eb4       0x1c CMakeFiles/oled.dir/C_/Program_Files/Raspberry_Pi/Pico_SDK_v1.5.1/pico-sdk/src/rp2_common/hardware_irq/irq.c.obj
                0x10000eb4                irq_init_priorities
 .text.user_irq_claim_unused
                0x10000ed0       0x2c CMakeFiles/oled.dir/C_/Program_Files/Raspberry_Pi/Pico_SDK_v1.5.1/pico-sdk/src/rp2_common/hardware_irq/irq.c.obj
                0x10000ed0                user_irq_claim_unused
 .text.lock_init
                0x10000efc       0x10 CMakeFiles/oled.dir/C_/Program_Files/Raspberry_Pi/Pico_SDK_v1.5.1/pico-sdk/src/common/pico_sync/lock_core.c.obj
                0x10000efc                lock_init
 .text.update_us_since_boot
                0x10000f0c       0x24 CMakeFiles/oled.dir/C_/Program_Files/Raspberry_Pi/Pico_SDK_v1.5.1/pico-sdk/src/common/pico_sync/mutex.c.obj
 .text.delayed_by_ms
                0x10000f30       0x44 CMakeFiles/oled.dir/C_/Program_Files/Raspberry_Pi/Pico_SDK_v1.5.1/pico-sdk/src/common/pico_sync/mutex.c.obj
 .text.get_absolute_time
                0x10000f74       0x22 CMakeFiles/oled.dir/C_/Program_Files/Raspberry_Pi/Pico_SDK_v1.5.1/pico-sdk/src/common/pico_sync/mutex.c.obj
 .text.make_timeout_time_ms
                0x10000f96       0x20 CMakeFiles/oled.dir/C_/Program_Files/Raspberry_Pi/Pico_SDK_v1.5.1/pico-sdk/src/common/pico_sync/mutex.c.obj
 .text.mutex_init
                0x10000fb6       0x1a CMakeFiles/oled.dir/C_/Program_Files/Raspberry_Pi/Pico_SDK_v1.5.1/pico-sdk/src/common/pico_sync/mutex.c.obj
                0x10000fb6                mutex_init
 .text.recursive_mutex_init
                0x10000fd0       0x1e CMakeFiles/oled.dir/C_/Program_Files/Raspberry_Pi/Pico_SDK_v1.5.1/pico-sdk/src/common/pico_sync/mutex.c.obj
                0x10000fd0                recursive_mutex_init
 *fill*         0x10000fee        0x2 
 .text.critical_section_init_with_lock_num
                0x10000ff0       0x14 CMakeFiles/oled.dir/C_/Program_Files/Raspberry_Pi/Pico_SDK_v1.5.1/pico-sdk/src/common/pico_sync/critical_section.c.obj
                0x10000ff0                critical_section_init_with_lock_num
 .text.critical_section_init
                0x10001004       0x14 CMakeFiles/oled.dir/C_/Program_Files/Raspberry_Pi/Pico_SDK_v1.5.1/pico-sdk/src/common/pico_sync/critical_section.c.obj
                0x10001004                critical_section_init
 .text.time_reached
                0x10001018       0x28 CMakeFiles/oled.dir/C_/Program_Files/Raspberry_Pi/Pico_SDK_v1.5.1/pico-sdk/src/common/pico_time/time.c.obj
 .text.get_entry
                0x10001040       0x38 CMakeFiles/oled.dir/C_/Program_Files/Raspberry_Pi/Pico_SDK_v1.5.1/pico-sdk/src/common/pico_time/time.c.obj
 .text.timer_pool_entry_comparator
                0x10001078       0x2e CMakeFiles/oled.dir/C_/Program_Files/Raspberry_Pi/Pico_SDK_v1.5.1/pico-sdk/src/common/pico_time/time.c.obj
                0x10001078                timer_pool_entry_comparator
 *fill*         0x100010a6        0x2 
 .text.update_us_since_boot
                0x100010a8       0x24 CMakeFiles/oled.dir/C_/Program_Files/Raspberry_Pi/Pico_SDK_v1.5.1/pico-sdk/src/common/pico_time/time.c.obj
 .text.delayed_by_us
                0x100010cc       0x34 CMakeFiles/oled.dir/C_/Program_Files/Raspberry_Pi/Pico_SDK_v1.5.1/pico-sdk/src/common/pico_time/time.c.obj
 .text.ph_get_node
                0x10001100       0x30 CMakeFiles/oled.dir/C_/Program_Files/Raspberry_Pi/Pico_SDK_v1.5.1/pico-sdk/src/common/pico_time/time.c.obj
 .text.ph_contains_node
                0x10001130       0x1e CMakeFiles/oled.dir/C_/Program_Files/Raspberry_Pi/Pico_SDK_v1.5.1/pico-sdk/src/common/pico_time/time.c.obj
 .text.ph_new_node
                0x1000114e       0x28 CMakeFiles/oled.dir/C_/Program_Files/Raspberry_Pi/Pico_SDK_v1.5.1/pico-sdk/src/common/pico_time/time.c.obj
 *fill*         0x10001176        0x2 
 .text.ph_add_child_node
                0x10001178       0x6c CMakeFiles/oled.dir/C_/Program_Files/Raspberry_Pi/Pico_SDK_v1.5.1/pico-sdk/src/common/pico_time/time.c.obj
 .text.ph_merge_nodes
                0x100011e4       0x3e CMakeFiles/oled.dir/C_/Program_Files/Raspberry_Pi/Pico_SDK_v1.5.1/pico-sdk/src/common/pico_time/time.c.obj
 *fill*         0x10001222        0x2 
 .text.ph_insert_node
                0x10001224       0x3c CMakeFiles/oled.dir/C_/Program_Files/Raspberry_Pi/Pico_SDK_v1.5.1/pico-sdk/src/common/pico_time/time.c.obj
 .text.ph_free_node
                0x10001260       0x5c CMakeFiles/oled.dir/C_/Program_Files/Raspberry_Pi/Pico_SDK_v1.5.1/pico-sdk/src/common/pico_time/time.c.obj
 .text.get_entry_id_high
                0x100012bc       0x30 CMakeFiles/oled.dir/C_/Program_Files/Raspberry_Pi/Pico_SDK_v1.5.1/pico-sdk/src/common/pico_time/time.c.obj
 .text.alarm_pool_post_alloc_init
                0x100012ec       0x40 CMakeFiles/oled.dir/C_/Program_Files/Raspberry_Pi/Pico_SDK_v1.5.1/pico-sdk/src/common/pico_time/time.c.obj
 .text.sleep_until_callback
                0x1000132c       0x30 CMakeFiles/oled.dir/C_/Program_Files/Raspberry_Pi/Pico_SDK_v1.5.1/pico-sdk/src/common/pico_time/time.c.obj
 .text.get_absolute_time
                0x1000135c       0x22 CMakeFiles/oled.dir/C_/Program_Files/Raspberry_Pi/Pico_SDK_v1.5.1/pico-sdk/src/common/pico_time/time.c.obj
 .text.make_timeout_time_us
                0x1000137e       0x24 CMakeFiles/oled.dir/C_/Program_Files/Raspberry_Pi/Pico_SDK_v1.5.1/pico-sdk/src/common/pico_time/time.c.obj
 *fill*         0x100013a2        0x2 
 .text.add_alarm_under_lock
                0x100013a4       0x94 CMakeFiles/oled.dir/C_/Program_Files/Raspberry_Pi/Pico_SDK_v1.5.1/pico-sdk/src/common/pico_time/time.c.obj
 .text.alarm_pool_alarm_callback
                0x10001438      0x210 CMakeFiles/oled.dir/C_/Program_Files/Raspberry_Pi/Pico_SDK_v1.5.1/pico-sdk/src/common/pico_time/time.c.obj
 .text.alarm_pool_init_default
                0x10001648       0x40 CMakeFiles/oled.dir/C_/Program_Files/Raspberry_Pi/Pico_SDK_v1.5.1/pico-sdk/src/common/pico_time/time.c.obj
                0x10001648                alarm_pool_init_default
 .text.alarm_pool_get_default
                0x10001688       0x2c CMakeFiles/oled.dir/C_/Program_Files/Raspberry_Pi/Pico_SDK_v1.5.1/pico-sdk/src/common/pico_time/time.c.obj
                0x10001688                alarm_pool_get_default
 .text.alarm_pool_add_alarm_at
                0x100016b4      0x10e CMakeFiles/oled.dir/C_/Program_Files/Raspberry_Pi/Pico_SDK_v1.5.1/pico-sdk/src/common/pico_time/time.c.obj
                0x100016b4                alarm_pool_add_alarm_at
 .text.add_alarm_at
                0x100017c2       0x2e CMakeFiles/oled.dir/C_/Program_Files/Raspberry_Pi/Pico_SDK_v1.5.1/pico-sdk/src/common/pico_time/time.c.obj
 .text.alarm_pool_cancel_alarm
                0x100017f0       0xa8 CMakeFiles/oled.dir/C_/Program_Files/Raspberry_Pi/Pico_SDK_v1.5.1/pico-sdk/src/common/pico_time/time.c.obj
                0x100017f0                alarm_pool_cancel_alarm
 .text.cancel_alarm
                0x10001898       0x10 CMakeFiles/oled.dir/C_/Program_Files/Raspberry_Pi/Pico_SDK_v1.5.1/pico-sdk/src/common/pico_time/time.c.obj
 .text.alarm_pool_core_num
                0x100018a8        0x4 CMakeFiles/oled.dir/C_/Program_Files/Raspberry_Pi/Pico_SDK_v1.5.1/pico-sdk/src/common/pico_time/time.c.obj
                0x100018a8                alarm_pool_core_num
 .text.sleep_until
                0x100018ac       0xb0 CMakeFiles/oled.dir/C_/Program_Files/Raspberry_Pi/Pico_SDK_v1.5.1/pico-sdk/src/common/pico_time/time.c.obj
                0x100018ac                sleep_until
 .text.sleep_us
                0x1000195c       0x1a CMakeFiles/oled.dir/C_/Program_Files/Raspberry_Pi/Pico_SDK_v1.5.1/pico-sdk/src/common/pico_time/time.c.obj
                0x1000195c                sleep_us
 .text.sleep_ms
                0x10001976       0x14 CMakeFiles/oled.dir/C_/Program_Files/Raspberry_Pi/Pico_SDK_v1.5.1/pico-sdk/src/common/pico_time/time.c.obj
                0x10001976                sleep_ms
 *fill*         0x1000198a        0x2 
 .text.best_effort_wfe_or_timeout
                0x1000198c       0x44 CMakeFiles/oled.dir/C_/Program_Files/Raspberry_Pi/Pico_SDK_v1.5.1/pico-sdk/src/common/pico_time/time.c.obj
                0x1000198c                best_effort_wfe_or_timeout
 .text.hardware_alarm_irq_handler
                0x100019d0       0x8c CMakeFiles/oled.dir/C_/Program_Files/Raspberry_Pi/Pico_SDK_v1.5.1/pico-sdk/src/rp2_common/hardware_timer/timer.c.obj
 .text.hardware_alarm_claim
                0x10001a5c       0x18 CMakeFiles/oled.dir/C_/Program_Files/Raspberry_Pi/Pico_SDK_v1.5.1/pico-sdk/src/rp2_common/hardware_timer/timer.c.obj
                0x10001a5c                hardware_alarm_claim
 .text.time_us_64
                0x10001a74       0x18 CMakeFiles/oled.dir/C_/Program_Files/Raspberry_Pi/Pico_SDK_v1.5.1/pico-sdk/src/rp2_common/hardware_timer/timer.c.obj
                0x10001a74                time_us_64
 .text.busy_wait_until
                0x10001a8c       0x28 CMakeFiles/oled.dir/C_/Program_Files/Raspberry_Pi/Pico_SDK_v1.5.1/pico-sdk/src/rp2_common/hardware_timer/timer.c.obj
                0x10001a8c                busy_wait_until
 .text.hardware_alarm_set_callback
                0x10001ab4       0x90 CMakeFiles/oled.dir/C_/Program_Files/Raspberry_Pi/Pico_SDK_v1.5.1/pico-sdk/src/rp2_common/hardware_timer/timer.c.obj
                0x10001ab4                hardware_alarm_set_callback
 .text.hardware_alarm_set_target
                0x10001b44       0xe8 CMakeFiles/oled.dir/C_/Program_Files/Raspberry_Pi/Pico_SDK_v1.5.1/pico-sdk/src/rp2_common/hardware_timer/timer.c.obj
                0x10001b44                hardware_alarm_set_target
 .text.hardware_alarm_cancel
                0x10001c2c       0x40 CMakeFiles/oled.dir/C_/Program_Files/Raspberry_Pi/Pico_SDK_v1.5.1/pico-sdk/src/rp2_common/hardware_timer/timer.c.obj
                0x10001c2c                hardware_alarm_cancel
 .text.ph_get_node
                0x10001c6c       0x30 CMakeFiles/oled.dir/C_/Program_Files/Raspberry_Pi/Pico_SDK_v1.5.1/pico-sdk/src/common/pico_util/pheap.c.obj
 .text.ph_add_child_node
                0x10001c9c       0x6c CMakeFiles/oled.dir/C_/Program_Files/Raspberry_Pi/Pico_SDK_v1.5.1/pico-sdk/src/common/pico_util/pheap.c.obj
 .text.ph_merge_nodes
                0x10001d08       0x3e CMakeFiles/oled.dir/C_/Program_Files/Raspberry_Pi/Pico_SDK_v1.5.1/pico-sdk/src/common/pico_util/pheap.c.obj
 .text.ph_clear
                0x10001d46       0x34 CMakeFiles/oled.dir/C_/Program_Files/Raspberry_Pi/Pico_SDK_v1.5.1/pico-sdk/src/common/pico_util/pheap.c.obj
                0x10001d46                ph_clear
 .text.ph_post_alloc_init
                0x10001d7a        0xe CMakeFiles/oled.dir/C_/Program_Files/Raspberry_Pi/Pico_SDK_v1.5.1/pico-sdk/src/common/pico_util/pheap.c.obj
                0x10001d7a                ph_post_alloc_init
 .text.ph_merge_two_pass
                0x10001d88       0x5c CMakeFiles/oled.dir/C_/Program_Files/Raspberry_Pi/Pico_SDK_v1.5.1/pico-sdk/src/common/pico_util/pheap.c.obj
                0x10001d88                ph_merge_two_pass
 .text.ph_remove_any_head
                0x10001de4       0xc0 CMakeFiles/oled.dir/C_/Program_Files/Raspberry_Pi/Pico_SDK_v1.5.1/pico-sdk/src/common/pico_util/pheap.c.obj
 .text.ph_remove_head
                0x10001ea4       0x14 CMakeFiles/oled.dir/C_/Program_Files/Raspberry_Pi/Pico_SDK_v1.5.1/pico-sdk/src/common/pico_util/pheap.c.obj
                0x10001ea4                ph_remove_head
 .text.ph_remove_and_free_node
                0x10001eb8       0xa0 CMakeFiles/oled.dir/C_/Program_Files/Raspberry_Pi/Pico_SDK_v1.5.1/pico-sdk/src/common/pico_util/pheap.c.obj
                0x10001eb8                ph_remove_and_free_node
 .text.clock_configure
                0x10001f58      0x108 CMakeFiles/oled.dir/C_/Program_Files/Raspberry_Pi/Pico_SDK_v1.5.1/pico-sdk/src/rp2_common/hardware_clocks/clocks.c.obj
                0x10001f58                clock_configure
 .text.clocks_init
                0x10002060      0x100 CMakeFiles/oled.dir/C_/Program_Files/Raspberry_Pi/Pico_SDK_v1.5.1/pico-sdk/src/rp2_common/hardware_clocks/clocks.c.obj
                0x10002060                clocks_init
 .text.clock_get_hz
                0x10002160        0xc CMakeFiles/oled.dir/C_/Program_Files/Raspberry_Pi/Pico_SDK_v1.5.1/pico-sdk/src/rp2_common/hardware_clocks/clocks.c.obj
                0x10002160                clock_get_hz
 .text.pll_init
                0x1000216c      0x120 CMakeFiles/oled.dir/C_/Program_Files/Raspberry_Pi/Pico_SDK_v1.5.1/pico-sdk/src/rp2_common/hardware_pll/pll.c.obj
                0x1000216c                pll_init
 .text.watchdog_start_tick
                0x1000228c       0x10 CMakeFiles/oled.dir/C_/Program_Files/Raspberry_Pi/Pico_SDK_v1.5.1/pico-sdk/src/rp2_common/hardware_watchdog/watchdog.c.obj
                0x1000228c                watchdog_start_tick
 .text.watchdog_update
                0x1000229c       0x14 CMakeFiles/oled.dir/C_/Program_Files/Raspberry_Pi/Pico_SDK_v1.5.1/pico-sdk/src/rp2_common/hardware_watchdog/watchdog.c.obj
                0x1000229c                watchdog_update
 .text._watchdog_enable
                0x100022b0       0x78 CMakeFiles/oled.dir/C_/Program_Files/Raspberry_Pi/Pico_SDK_v1.5.1/pico-sdk/src/rp2_common/hardware_watchdog/watchdog.c.obj
                0x100022b0                _watchdog_enable
 .text.watchdog_reboot
                0x10002328       0x48 CMakeFiles/oled.dir/C_/Program_Files/Raspberry_Pi/Pico_SDK_v1.5.1/pico-sdk/src/rp2_common/hardware_watchdog/watchdog.c.obj
                0x10002328                watchdog_reboot
 .text.xosc_init
                0x10002370       0x28 CMakeFiles/oled.dir/C_/Program_Files/Raspberry_Pi/Pico_SDK_v1.5.1/pico-sdk/src/rp2_common/hardware_xosc/xosc.c.obj
                0x10002370                xosc_init
 .text._exit    0x10002398        0x4 CMakeFiles/oled.dir/C_/Program_Files/Raspberry_Pi/Pico_SDK_v1.5.1/pico-sdk/src/rp2_common/pico_runtime/runtime.c.obj
                0x10002398                _exit
 .text._sbrk    0x1000239c       0x38 CMakeFiles/oled.dir/C_/Program_Files/Raspberry_Pi/Pico_SDK_v1.5.1/pico-sdk/src/rp2_common/pico_runtime/runtime.c.obj
                0x1000239c                _sbrk
 .text.exit     0x100023d4        0x6 CMakeFiles/oled.dir/C_/Program_Files/Raspberry_Pi/Pico_SDK_v1.5.1/pico-sdk/src/rp2_common/pico_runtime/runtime.c.obj
                0x100023d4                exit
 *fill*         0x100023da        0x2 
 .text.__assert_func
                0x100023dc       0x38 CMakeFiles/oled.dir/C_/Program_Files/Raspberry_Pi/Pico_SDK_v1.5.1/pico-sdk/src/rp2_common/pico_runtime/runtime.c.obj
                0x100023dc                __assert_func
 .text.runtime_init
                0x10002414       0xf8 CMakeFiles/oled.dir/C_/Program_Files/Raspberry_Pi/Pico_SDK_v1.5.1/pico-sdk/src/rp2_common/pico_runtime/runtime.c.obj
                0x10002414                runtime_init
 .text.panic    0x1000250c       0x30 CMakeFiles/oled.dir/C_/Program_Files/Raspberry_Pi/Pico_SDK_v1.5.1/pico-sdk/src/rp2_common/pico_runtime/runtime.c.obj
                0x1000250c                panic
 .text._out_null
                0x1000253c        0x2 CMakeFiles/oled.dir/C_/Program_Files/Raspberry_Pi/Pico_SDK_v1.5.1/pico-sdk/src/rp2_common/pico_printf/printf.c.obj
 .text._out_fct
                0x1000253e        0xe CMakeFiles/oled.dir/C_/Program_Files/Raspberry_Pi/Pico_SDK_v1.5.1/pico-sdk/src/rp2_common/pico_printf/printf.c.obj
 .text._atoi    0x1000254c       0x24 CMakeFiles/oled.dir/C_/Program_Files/Raspberry_Pi/Pico_SDK_v1.5.1/pico-sdk/src/rp2_common/pico_printf/printf.c.obj
 .text._out_rev
                0x10002570       0xae CMakeFiles/oled.dir/C_/Program_Files/Raspberry_Pi/Pico_SDK_v1.5.1/pico-sdk/src/rp2_common/pico_printf/printf.c.obj
 .text._ntoa_format
                0x1000261e      0x110 CMakeFiles/oled.dir/C_/Program_Files/Raspberry_Pi/Pico_SDK_v1.5.1/pico-sdk/src/rp2_common/pico_printf/printf.c.obj
 .text._ntoa_long
                0x1000272e       0xbc CMakeFiles/oled.dir/C_/Program_Files/Raspberry_Pi/Pico_SDK_v1.5.1/pico-sdk/src/rp2_common/pico_printf/printf.c.obj
 .text._ntoa_long_long
                0x100027ea      0x10e CMakeFiles/oled.dir/C_/Program_Files/Raspberry_Pi/Pico_SDK_v1.5.1/pico-sdk/src/rp2_common/pico_printf/printf.c.obj
 .text._etoa    0x100028f8      0x420 CMakeFiles/oled.dir/C_/Program_Files/Raspberry_Pi/Pico_SDK_v1.5.1/pico-sdk/src/rp2_common/pico_printf/printf.c.obj
 .text._ftoa    0x10002d18      0x354 CMakeFiles/oled.dir/C_/Program_Files/Raspberry_Pi/Pico_SDK_v1.5.1/pico-sdk/src/rp2_common/pico_printf/printf.c.obj
 .text._vsnprintf
                0x1000306c      0x668 CMakeFiles/oled.dir/C_/Program_Files/Raspberry_Pi/Pico_SDK_v1.5.1/pico-sdk/src/rp2_common/pico_printf/printf.c.obj
 .text.vfctprintf
                0x100036d4       0x20 CMakeFiles/oled.dir/C_/Program_Files/Raspberry_Pi/Pico_SDK_v1.5.1/pico-sdk/src/rp2_common/pico_printf/printf.c.obj
                0x100036d4                vfctprintf
 .text          0x100036f4       0x10 CMakeFiles/oled.dir/C_/Program_Files/Raspberry_Pi/Pico_SDK_v1.5.1/pico-sdk/src/rp2_common/pico_bit_ops/bit_ops_aeabi.S.obj
 .text.rom_func_lookup
                0x10003704       0x10 CMakeFiles/oled.dir/C_/Program_Files/Raspberry_Pi/Pico_SDK_v1.5.1/pico-sdk/src/rp2_common/pico_bootrom/bootrom.c.obj
                0x10003704                rom_func_lookup
 .text.rom_data_lookup
                0x10003714       0x10 CMakeFiles/oled.dir/C_/Program_Files/Raspberry_Pi/Pico_SDK_v1.5.1/pico-sdk/src/rp2_common/pico_bootrom/bootrom.c.obj
                0x10003714                rom_data_lookup
 .text.rom_funcs_lookup
                0x10003724       0x36 CMakeFiles/oled.dir/C_/Program_Files/Raspberry_Pi/Pico_SDK_v1.5.1/pico-sdk/src/rp2_common/pico_bootrom/bootrom.c.obj
                0x10003724                rom_funcs_lookup
 *fill*         0x1000375a        0x2 
 .text.__wrap___aeabi_idiv
                0x1000375c       0x50 CMakeFiles/oled.dir/C_/Program_Files/Raspberry_Pi/Pico_SDK_v1.5.1/pico-sdk/src/rp2_common/pico_divider/divider.S.obj
                0x1000375c                __wrap___aeabi_idivmod
                0x1000375c                divmod_s32s32
                0x1000375c                div_s32s32
                0x1000375c                __wrap___aeabi_idiv
                0x10003764                divmod_s32s32_unsafe
                0x10003790                divmod_s32s32_savestate
 .text.__wrap___aeabi_uidiv
                0x100037ac       0x4c CMakeFiles/oled.dir/C_/Program_Files/Raspberry_Pi/Pico_SDK_v1.5.1/pico-sdk/src/rp2_common/pico_divider/divider.S.obj
                0x100037ac                __wrap___aeabi_uidiv
                0x100037ac                __wrap___aeabi_uidivmod
                0x100037ac                div_u32u32
                0x100037ac                divmod_u32u32
                0x100037b4                divmod_u32u32_unsafe
                0x100037dc                divmod_u32u32_savestate
 .text.__wrap___aeabi_ldiv
                0x100037f8      0x424 CMakeFiles/oled.dir/C_/Program_Files/Raspberry_Pi/Pico_SDK_v1.5.1/pico-sdk/src/rp2_common/pico_divider/divider.S.obj
                0x100037f8                div_s64s64
                0x100037f8                divmod_s64s64
                0x100037f8                __wrap___aeabi_ldivmod
                0x10003828                divmod_u64u64
                0x10003828                div_u64u64
                0x10003828                __wrap___aeabi_uldivmod
                0x10003838                divmod_u64u64_savestate
                0x10003858                divmod_s64s64_unsafe
                0x100038e0                divmod_u64u64_unsafe
 .text.__wrap___aeabi_darithmetic
                0x10003c1c       0x80 CMakeFiles/oled.dir/C_/Program_Files/Raspberry_Pi/Pico_SDK_v1.5.1/pico-sdk/src/rp2_common/pico_double/double_aeabi.S.obj
                0x10003c1c                __wrap___aeabi_drsub
                0x10003c22                __wrap___aeabi_dsub
                0x10003c34                __wrap___aeabi_dadd
                0x10003c46                __wrap___aeabi_ddiv
                0x10003c82                __wrap___aeabi_dmul
 .text.__wrap___aeabi_cdcmple
                0x10003c9c       0x6c CMakeFiles/oled.dir/C_/Program_Files/Raspberry_Pi/Pico_SDK_v1.5.1/pico-sdk/src/rp2_common/pico_double/double_aeabi.S.obj
                0x10003c9c                __wrap___aeabi_cdrcmple
                0x10003cac                __wrap___aeabi_cdcmpeq
                0x10003cac                __wrap___aeabi_cdcmple
 .text.__wrap___aeabi_dcmplt
                0x10003d08        0xc CMakeFiles/oled.dir/C_/Program_Files/Raspberry_Pi/Pico_SDK_v1.5.1/pico-sdk/src/rp2_common/pico_double/double_aeabi.S.obj
                0x10003d08                __wrap___aeabi_dcmplt
 .text.__wrap___aeabi_dcmple
                0x10003d14       0x10 CMakeFiles/oled.dir/C_/Program_Files/Raspberry_Pi/Pico_SDK_v1.5.1/pico-sdk/src/rp2_common/pico_double/double_aeabi.S.obj
                0x10003d14                __wrap___aeabi_dcmple
 .text.__wrap___aeabi_dcmpge
                0x10003d24       0x10 CMakeFiles/oled.dir/C_/Program_Files/Raspberry_Pi/Pico_SDK_v1.5.1/pico-sdk/src/rp2_common/pico_double/double_aeabi.S.obj
                0x10003d24                __wrap___aeabi_dcmpge
 .text.__wrap___aeabi_dcmpgt
                0x10003d34        0xa CMakeFiles/oled.dir/C_/Program_Files/Raspberry_Pi/Pico_SDK_v1.5.1/pico-sdk/src/rp2_common/pico_double/double_aeabi.S.obj
                0x10003d34                __wrap___aeabi_dcmpgt
 .text.__wrap___aeabi_dcmpun
                0x10003d3e       0x1c CMakeFiles/oled.dir/C_/Program_Files/Raspberry_Pi/Pico_SDK_v1.5.1/pico-sdk/src/rp2_common/pico_double/double_aeabi.S.obj
                0x10003d3e                __wrap___aeabi_dcmpun
 *fill*         0x10003d5a        0x2 
 .text.__wrap___aeabi_i2d
                0x10003d5c       0x38 CMakeFiles/oled.dir/C_/Program_Files/Raspberry_Pi/Pico_SDK_v1.5.1/pico-sdk/src/rp2_common/pico_double/double_aeabi.S.obj
                0x10003d5c                __wrap___aeabi_ui2d
                0x10003d64                __wrap___aeabi_i2d
 .text.__wrap___aeabi_d2iz
                0x10003d94       0x48 CMakeFiles/oled.dir/C_/Program_Files/Raspberry_Pi/Pico_SDK_v1.5.1/pico-sdk/src/rp2_common/pico_double/double_aeabi.S.obj
                0x10003d94                double2int_z
                0x10003d94                __wrap___aeabi_d2iz
 .text.__wrap___aeabi_d2uiz
                0x10003ddc       0x18 CMakeFiles/oled.dir/C_/Program_Files/Raspberry_Pi/Pico_SDK_v1.5.1/pico-sdk/src/rp2_common/pico_double/double_aeabi.S.obj
                0x10003ddc                __wrap___aeabi_d2uiz
                0x10003ddc                double2uint
 .text.__aeabi_double_init
                0x10003df4       0xcc CMakeFiles/oled.dir/C_/Program_Files/Raspberry_Pi/Pico_SDK_v1.5.1/pico-sdk/src/rp2_common/pico_double/double_init_rom.c.obj
                0x10003df4                __aeabi_double_init
 .text.double_table_shim_on_use_helper
                0x10003ec0       0x34 CMakeFiles/oled.dir/C_/Program_Files/Raspberry_Pi/Pico_SDK_v1.5.1/pico-sdk/src/rp2_common/pico_double/double_v1_rom_shim.S.obj
                0x10003ec0                double_table_shim_on_use_helper
 .text.__wrap___aeabi_dsub
                0x10003ef4       0x10 CMakeFiles/oled.dir/C_/Program_Files/Raspberry_Pi/Pico_SDK_v1.5.1/pico-sdk/src/rp2_common/pico_double/double_v1_rom_shim.S.obj
                0x10003ef4                drsub_shim
                0x10003efa                dsub_shim
 .text.dadd_shim
                0x10003f04      0x15c CMakeFiles/oled.dir/C_/Program_Files/Raspberry_Pi/Pico_SDK_v1.5.1/pico-sdk/src/rp2_common/pico_double/double_v1_rom_shim.S.obj
                0x10003f04                dadd_shim
 .text.dmul_shim
                0x10004060      0x15c CMakeFiles/oled.dir/C_/Program_Files/Raspberry_Pi/Pico_SDK_v1.5.1/pico-sdk/src/rp2_common/pico_double/double_v1_rom_shim.S.obj
                0x10004060                dmul_shim
 .text.ddiv_shim
                0x100041bc      0x1b0 CMakeFiles/oled.dir/C_/Program_Files/Raspberry_Pi/Pico_SDK_v1.5.1/pico-sdk/src/rp2_common/pico_double/double_v1_rom_shim.S.obj
                0x100041bc                ddiv_shim
 .text.double2uint_shim
                0x1000436c        0xe CMakeFiles/oled.dir/C_/Program_Files/Raspberry_Pi/Pico_SDK_v1.5.1/pico-sdk/src/rp2_common/pico_double/double_v1_rom_shim.S.obj
                0x1000436c                double2uint_shim
                0x1000436e                double2ufix_shim
 *fill*         0x1000437a        0x2 
 .text.double2uint64_shim
                0x1000437c       0x70 CMakeFiles/oled.dir/C_/Program_Files/Raspberry_Pi/Pico_SDK_v1.5.1/pico-sdk/src/rp2_common/pico_double/double_v1_rom_shim.S.obj
                0x1000437c                double2uint64_shim
                0x1000437e                double2ufix64_shim
                0x1000439e                d2fix_a
 .text.dunpacks
                0x100043ec       0x3c CMakeFiles/oled.dir/C_/Program_Files/Raspberry_Pi/Pico_SDK_v1.5.1/pico-sdk/src/rp2_common/pico_double/double_v1_rom_shim.S.obj
                0x100043ec                dunpacks
 .text.__aeabi_lmul
                0x10004428       0x32 CMakeFiles/oled.dir/C_/Program_Files/Raspberry_Pi/Pico_SDK_v1.5.1/pico-sdk/src/rp2_common/pico_int64_ops/pico_int64_ops_aeabi.S.obj
                0x10004428                __wrap___aeabi_lmul
 *fill*         0x1000445a        0x2 
 .text.__aeabi_float_init
                0x1000445c       0xfc CMakeFiles/oled.dir/C_/Program_Files/Raspberry_Pi/Pico_SDK_v1.5.1/pico-sdk/src/rp2_common/pico_float/float_init_rom.c.obj
                0x1000445c                __aeabi_float_init
 .text.float_table_shim_on_use_helper
                0x10004558       0x34 CMakeFiles/oled.dir/C_/Program_Files/Raspberry_Pi/Pico_SDK_v1.5.1/pico-sdk/src/rp2_common/pico_float/float_v1_rom_shim.S.obj
                0x10004558                float_table_shim_on_use_helper
 .text.check_alloc
                0x1000458c       0x20 CMakeFiles/oled.dir/C_/Program_Files/Raspberry_Pi/Pico_SDK_v1.5.1/pico-sdk/src/rp2_common/pico_malloc/pico_malloc.c.obj
 .text.__wrap_malloc
                0x100045ac       0x14 CMakeFiles/oled.dir/C_/Program_Files/Raspberry_Pi/Pico_SDK_v1.5.1/pico-sdk/src/rp2_common/pico_malloc/pico_malloc.c.obj
                0x100045ac                __wrap_malloc
 .text          0x100045c0       0x10 CMakeFiles/oled.dir/C_/Program_Files/Raspberry_Pi/Pico_SDK_v1.5.1/pico-sdk/src/rp2_common/pico_mem_ops/mem_ops_aeabi.S.obj
                0x100045c0                __aeabi_mem_init
 .text.memset   0x100045d0        0xc CMakeFiles/oled.dir/C_/Program_Files/Raspberry_Pi/Pico_SDK_v1.5.1/pico-sdk/src/rp2_common/pico_mem_ops/mem_ops_aeabi.S.obj
                0x100045d0                __wrap_memset
 .text.memcpy   0x100045dc        0xc CMakeFiles/oled.dir/C_/Program_Files/Raspberry_Pi/Pico_SDK_v1.5.1/pico-sdk/src/rp2_common/pico_mem_ops/mem_ops_aeabi.S.obj
                0x100045dc                __wrap_memcpy
                0x100045dc                __wrap___aeabi_memcpy
 .text.stdio_out_chars_no_crlf
                0x100045e8        0xe CMakeFiles/oled.dir/C_/Program_Files/Raspberry_Pi/Pico_SDK_v1.5.1/pico-sdk/src/rp2_common/pico_stdio/stdio.c.obj
 *fill*         0x100045f6        0x2 
 .text.stdio_out_chars_crlf
                0x100045f8       0x80 CMakeFiles/oled.dir/C_/Program_Files/Raspberry_Pi/Pico_SDK_v1.5.1/pico-sdk/src/rp2_common/pico_stdio/stdio.c.obj
 .text.stdio_stack_buffer_flush
                0x10004678       0x44 CMakeFiles/oled.dir/C_/Program_Files/Raspberry_Pi/Pico_SDK_v1.5.1/pico-sdk/src/rp2_common/pico_stdio/stdio.c.obj
 .text.stdio_buffered_printer
                0x100046bc       0x20 CMakeFiles/oled.dir/C_/Program_Files/Raspberry_Pi/Pico_SDK_v1.5.1/pico-sdk/src/rp2_common/pico_stdio/stdio.c.obj
 .text.update_us_since_boot
                0x100046dc       0x24 CMakeFiles/oled.dir/C_/Program_Files/Raspberry_Pi/Pico_SDK_v1.5.1/pico-sdk/src/rp2_common/pico_stdio/stdio.c.obj
 .text.get_absolute_time
                0x10004700       0x22 CMakeFiles/oled.dir/C_/Program_Files/Raspberry_Pi/Pico_SDK_v1.5.1/pico-sdk/src/rp2_common/pico_stdio/stdio.c.obj
 *fill*         0x10004722        0x2 
 .text.delayed_by_ms
                0x10004724       0x44 CMakeFiles/oled.dir/C_/Program_Files/Raspberry_Pi/Pico_SDK_v1.5.1/pico-sdk/src/rp2_common/pico_stdio/stdio.c.obj
 .text.make_timeout_time_ms
                0x10004768       0x20 CMakeFiles/oled.dir/C_/Program_Files/Raspberry_Pi/Pico_SDK_v1.5.1/pico-sdk/src/rp2_common/pico_stdio/stdio.c.obj
 .text.stdout_serialize_begin
                0x10004788       0x20 CMakeFiles/oled.dir/C_/Program_Files/Raspberry_Pi/Pico_SDK_v1.5.1/pico-sdk/src/rp2_common/pico_stdio/stdio.c.obj
                0x10004788                stdout_serialize_begin
 .text.stdout_serialize_end
                0x100047a8       0x10 CMakeFiles/oled.dir/C_/Program_Files/Raspberry_Pi/Pico_SDK_v1.5.1/pico-sdk/src/rp2_common/pico_stdio/stdio.c.obj
                0x100047a8                stdout_serialize_end
 .text.stdio_put_string
                0x100047b8       0x98 CMakeFiles/oled.dir/C_/Program_Files/Raspberry_Pi/Pico_SDK_v1.5.1/pico-sdk/src/rp2_common/pico_stdio/stdio.c.obj
 .text.stdio_set_driver_enabled
                0x10004850       0x2c CMakeFiles/oled.dir/C_/Program_Files/Raspberry_Pi/Pico_SDK_v1.5.1/pico-sdk/src/rp2_common/pico_stdio/stdio.c.obj
                0x10004850                stdio_set_driver_enabled
 .text.stdio_flush
                0x1000487c       0x20 CMakeFiles/oled.dir/C_/Program_Files/Raspberry_Pi/Pico_SDK_v1.5.1/pico-sdk/src/rp2_common/pico_stdio/stdio.c.obj
                0x1000487c                stdio_flush
 .text.__wrap_puts
                0x1000489c       0x1e CMakeFiles/oled.dir/C_/Program_Files/Raspberry_Pi/Pico_SDK_v1.5.1/pico-sdk/src/rp2_common/pico_stdio/stdio.c.obj
                0x1000489c                __wrap_puts
 *fill*         0x100048ba        0x2 
 .text.__wrap_vprintf
                0x100048bc       0x40 CMakeFiles/oled.dir/C_/Program_Files/Raspberry_Pi/Pico_SDK_v1.5.1/pico-sdk/src/rp2_common/pico_stdio/stdio.c.obj
                0x100048bc                __wrap_vprintf
 .text.__wrap_printf
                0x100048fc       0x18 CMakeFiles/oled.dir/C_/Program_Files/Raspberry_Pi/Pico_SDK_v1.5.1/pico-sdk/src/rp2_common/pico_stdio/stdio.c.obj
                0x100048fc                __wrap_printf
 .text.stdio_init_all
                0x10004914        0x8 CMakeFiles/oled.dir/C_/Program_Files/Raspberry_Pi/Pico_SDK_v1.5.1/pico-sdk/src/rp2_common/pico_stdio/stdio.c.obj
                0x10004914                stdio_init_all
 .text.resetd_init
                0x1000491c        0x2 CMakeFiles/oled.dir/C_/Program_Files/Raspberry_Pi/Pico_SDK_v1.5.1/pico-sdk/src/rp2_common/pico_stdio_usb/reset_interface.c.obj
 *fill*         0x1000491e        0x2 
 .text.resetd_reset
                0x10004920        0xc CMakeFiles/oled.dir/C_/Program_Files/Raspberry_Pi/Pico_SDK_v1.5.1/pico-sdk/src/rp2_common/pico_stdio_usb/reset_interface.c.obj
 .text.resetd_open
                0x1000492c       0x34 CMakeFiles/oled.dir/C_/Program_Files/Raspberry_Pi/Pico_SDK_v1.5.1/pico-sdk/src/rp2_common/pico_stdio_usb/reset_interface.c.obj
 .text.resetd_xfer_cb
                0x10004960        0x4 CMakeFiles/oled.dir/C_/Program_Files/Raspberry_Pi/Pico_SDK_v1.5.1/pico-sdk/src/rp2_common/pico_stdio_usb/reset_interface.c.obj
 .text.reset_usb_boot
                0x10004964       0x18 CMakeFiles/oled.dir/C_/Program_Files/Raspberry_Pi/Pico_SDK_v1.5.1/pico-sdk/src/rp2_common/pico_stdio_usb/reset_interface.c.obj
 .text.resetd_control_xfer_cb
                0x1000497c       0x5c CMakeFiles/oled.dir/C_/Program_Files/Raspberry_Pi/Pico_SDK_v1.5.1/pico-sdk/src/rp2_common/pico_stdio_usb/reset_interface.c.obj
 .text.usbd_app_driver_get_cb
                0x100049d8        0xc CMakeFiles/oled.dir/C_/Program_Files/Raspberry_Pi/Pico_SDK_v1.5.1/pico-sdk/src/rp2_common/pico_stdio_usb/reset_interface.c.obj
                0x100049d8                usbd_app_driver_get_cb
 .text.tud_cdc_line_coding_cb
                0x100049e4       0x28 CMakeFiles/oled.dir/C_/Program_Files/Raspberry_Pi/Pico_SDK_v1.5.1/pico-sdk/src/rp2_common/pico_stdio_usb/reset_interface.c.obj
                0x100049e4                tud_cdc_line_coding_cb
 .text.stdio_usb_set_chars_available_callback
                0x10004a0c       0x14 CMakeFiles/oled.dir/C_/Program_Files/Raspberry_Pi/Pico_SDK_v1.5.1/pico-sdk/src/rp2_common/pico_stdio_usb/stdio_usb.c.obj
                0x10004a0c                stdio_usb_set_chars_available_callback
 .text.update_us_since_boot
                0x10004a20       0x24 CMakeFiles/oled.dir/C_/Program_Files/Raspberry_Pi/Pico_SDK_v1.5.1/pico-sdk/src/rp2_common/pico_stdio_usb/stdio_usb.c.obj
 .text.get_absolute_time
                0x10004a44       0x22 CMakeFiles/oled.dir/C_/Program_Files/Raspberry_Pi/Pico_SDK_v1.5.1/pico-sdk/src/rp2_common/pico_stdio_usb/stdio_usb.c.obj
 *fill*         0x10004a66        0x2 
 .text.delayed_by_ms
                0x10004a68       0x44 CMakeFiles/oled.dir/C_/Program_Files/Raspberry_Pi/Pico_SDK_v1.5.1/pico-sdk/src/rp2_common/pico_stdio_usb/stdio_usb.c.obj
 .text.make_timeout_time_ms
                0x10004aac       0x20 CMakeFiles/oled.dir/C_/Program_Files/Raspberry_Pi/Pico_SDK_v1.5.1/pico-sdk/src/rp2_common/pico_stdio_usb/stdio_usb.c.obj
 .text.delayed_by_us
                0x10004acc       0x34 CMakeFiles/oled.dir/C_/Program_Files/Raspberry_Pi/Pico_SDK_v1.5.1/pico-sdk/src/rp2_common/pico_stdio_usb/stdio_usb.c.obj
 .text.usb_irq  0x10004b00       0x10 CMakeFiles/oled.dir/C_/Program_Files/Raspberry_Pi/Pico_SDK_v1.5.1/pico-sdk/src/rp2_common/pico_stdio_usb/stdio_usb.c.obj
 .text.critical_section_enter_blocking
                0x10004b10       0x16 CMakeFiles/oled.dir/C_/Program_Files/Raspberry_Pi/Pico_SDK_v1.5.1/pico-sdk/src/rp2_common/pico_stdio_usb/stdio_usb.c.obj
 *fill*         0x10004b26        0x2 
 .text.timer_task
                0x10004b28       0x4c CMakeFiles/oled.dir/C_/Program_Files/Raspberry_Pi/Pico_SDK_v1.5.1/pico-sdk/src/rp2_common/pico_stdio_usb/stdio_usb.c.obj
 .text.alarm_pool_add_alarm_in_us
                0x10004b74       0x3a CMakeFiles/oled.dir/C_/Program_Files/Raspberry_Pi/Pico_SDK_v1.5.1/pico-sdk/src/rp2_common/pico_stdio_usb/stdio_usb.c.obj
 .text.add_alarm_in_us
                0x10004bae       0x2e CMakeFiles/oled.dir/C_/Program_Files/Raspberry_Pi/Pico_SDK_v1.5.1/pico-sdk/src/rp2_common/pico_stdio_usb/stdio_usb.c.obj
 .text.low_priority_worker_irq
                0x10004bdc       0x7c CMakeFiles/oled.dir/C_/Program_Files/Raspberry_Pi/Pico_SDK_v1.5.1/pico-sdk/src/rp2_common/pico_stdio_usb/stdio_usb.c.obj
 .text.tud_cdc_rx_cb
                0x10004c58       0x20 CMakeFiles/oled.dir/C_/Program_Files/Raspberry_Pi/Pico_SDK_v1.5.1/pico-sdk/src/rp2_common/pico_stdio_usb/stdio_usb.c.obj
                0x10004c58                tud_cdc_rx_cb
 .text.stdio_usb_init
                0x10004c78       0xd0 CMakeFiles/oled.dir/C_/Program_Files/Raspberry_Pi/Pico_SDK_v1.5.1/pico-sdk/src/rp2_common/pico_stdio_usb/stdio_usb.c.obj
                0x10004c78                stdio_usb_init
 .text.stdio_usb_connected
                0x10004d48        0xa CMakeFiles/oled.dir/C_/Program_Files/Raspberry_Pi/Pico_SDK_v1.5.1/pico-sdk/src/rp2_common/pico_stdio_usb/stdio_usb.c.obj
                0x10004d48                stdio_usb_connected
 *fill*         0x10004d52        0x2 
 .text.stdio_usb_in_chars
                0x10004d54       0x88 CMakeFiles/oled.dir/C_/Program_Files/Raspberry_Pi/Pico_SDK_v1.5.1/pico-sdk/src/rp2_common/pico_stdio_usb/stdio_usb.c.obj
                0x10004d54                stdio_usb_in_chars
 .text.stdio_usb_out_chars
                0x10004ddc       0xd8 CMakeFiles/oled.dir/C_/Program_Files/Raspberry_Pi/Pico_SDK_v1.5.1/pico-sdk/src/rp2_common/pico_stdio_usb/stdio_usb.c.obj
 .text.tud_descriptor_device_cb
                0x10004eb4        0x8 CMakeFiles/oled.dir/C_/Program_Files/Raspberry_Pi/Pico_SDK_v1.5.1/pico-sdk/src/rp2_common/pico_stdio_usb/stdio_usb_descriptors.c.obj
                0x10004eb4                tud_descriptor_device_cb
 .text.tud_descriptor_configuration_cb
                0x10004ebc        0x8 CMakeFiles/oled.dir/C_/Program_Files/Raspberry_Pi/Pico_SDK_v1.5.1/pico-sdk/src/rp2_common/pico_stdio_usb/stdio_usb_descriptors.c.obj
                0x10004ebc                tud_descriptor_configuration_cb
 .text.tud_descriptor_string_cb
                0x10004ec4       0x6c CMakeFiles/oled.dir/C_/Program_Files/Raspberry_Pi/Pico_SDK_v1.5.1/pico-sdk/src/rp2_common/pico_stdio_usb/stdio_usb_descriptors.c.obj
                0x10004ec4                tud_descriptor_string_cb
 .text._retrieve_unique_id_on_boot
                0x10004f30       0x10 CMakeFiles/oled.dir/C_/Program_Files/Raspberry_Pi/Pico_SDK_v1.5.1/pico-sdk/src/rp2_common/pico_unique_id/unique_id.c.obj
 .text.pico_get_unique_board_id_string
                0x10004f40       0x5c CMakeFiles/oled.dir/C_/Program_Files/Raspberry_Pi/Pico_SDK_v1.5.1/pico-sdk/src/rp2_common/pico_unique_id/unique_id.c.obj
                0x10004f40                pico_get_unique_board_id_string
 .text.flash_get_unique_id
                0x10004f9c       0x40 CMakeFiles/oled.dir/C_/Program_Files/Raspberry_Pi/Pico_SDK_v1.5.1/pico-sdk/src/rp2_common/hardware_flash/flash.c.obj
                0x10004f9c                flash_get_unique_id
 .text.hw_endpoint_get_by_addr
                0x10004fdc       0x18 CMakeFiles/oled.dir/C_/Program_Files/Raspberry_Pi/Pico_SDK_v1.5.1/pico-sdk/lib/tinyusb/src/portable/raspberrypi/rp2040/dcd_rp2040.c.obj
 .text._hw_endpoint_alloc
                0x10004ff4       0x70 CMakeFiles/oled.dir/C_/Program_Files/Raspberry_Pi/Pico_SDK_v1.5.1/pico-sdk/lib/tinyusb/src/portable/raspberrypi/rp2040/dcd_rp2040.c.obj
 .text.hw_endpoint_init
                0x10005064       0x88 CMakeFiles/oled.dir/C_/Program_Files/Raspberry_Pi/Pico_SDK_v1.5.1/pico-sdk/lib/tinyusb/src/portable/raspberrypi/rp2040/dcd_rp2040.c.obj
 .text.dcd_event_sof
                0x100050ec       0x2c CMakeFiles/oled.dir/C_/Program_Files/Raspberry_Pi/Pico_SDK_v1.5.1/pico-sdk/lib/tinyusb/src/portable/raspberrypi/rp2040/dcd_rp2040.c.obj
 .text.hw_endpoint_xfer
                0x10005118       0x14 CMakeFiles/oled.dir/C_/Program_Files/Raspberry_Pi/Pico_SDK_v1.5.1/pico-sdk/lib/tinyusb/src/portable/raspberrypi/rp2040/dcd_rp2040.c.obj
 .text.dcd_int_enable
                0x1000512c       0x2c CMakeFiles/oled.dir/C_/Program_Files/Raspberry_Pi/Pico_SDK_v1.5.1/pico-sdk/lib/tinyusb/src/portable/raspberrypi/rp2040/dcd_rp2040.c.obj
                0x1000512c                dcd_int_enable
 .text.dcd_set_address
                0x10005158       0x2c CMakeFiles/oled.dir/C_/Program_Files/Raspberry_Pi/Pico_SDK_v1.5.1/pico-sdk/lib/tinyusb/src/portable/raspberrypi/rp2040/dcd_rp2040.c.obj
                0x10005158                dcd_set_address
 .text.dcd_connect
                0x10005184       0x10 CMakeFiles/oled.dir/C_/Program_Files/Raspberry_Pi/Pico_SDK_v1.5.1/pico-sdk/lib/tinyusb/src/portable/raspberrypi/rp2040/dcd_rp2040.c.obj
                0x10005184                dcd_connect
 .text.dcd_init
                0x10005194       0x80 CMakeFiles/oled.dir/C_/Program_Files/Raspberry_Pi/Pico_SDK_v1.5.1/pico-sdk/lib/tinyusb/src/portable/raspberrypi/rp2040/dcd_rp2040.c.obj
                0x10005194                dcd_init
 .text.dcd_edpt0_status_complete
                0x10005214       0x1c CMakeFiles/oled.dir/C_/Program_Files/Raspberry_Pi/Pico_SDK_v1.5.1/pico-sdk/lib/tinyusb/src/portable/raspberrypi/rp2040/dcd_rp2040.c.obj
                0x10005214                dcd_edpt0_status_complete
 .text.dcd_edpt_open
                0x10005230       0x40 CMakeFiles/oled.dir/C_/Program_Files/Raspberry_Pi/Pico_SDK_v1.5.1/pico-sdk/lib/tinyusb/src/portable/raspberrypi/rp2040/dcd_rp2040.c.obj
                0x10005230                dcd_edpt_open
 .text.dcd_edpt_close_all
                0x10005270        0x8 CMakeFiles/oled.dir/C_/Program_Files/Raspberry_Pi/Pico_SDK_v1.5.1/pico-sdk/lib/tinyusb/src/portable/raspberrypi/rp2040/dcd_rp2040.c.obj
                0x10005270                dcd_edpt_close_all
 .text.dcd_edpt_xfer
                0x10005278       0x34 CMakeFiles/oled.dir/C_/Program_Files/Raspberry_Pi/Pico_SDK_v1.5.1/pico-sdk/lib/tinyusb/src/portable/raspberrypi/rp2040/dcd_rp2040.c.obj
                0x10005278                dcd_edpt_xfer
 .text.dcd_edpt_stall
                0x100052ac       0x2c CMakeFiles/oled.dir/C_/Program_Files/Raspberry_Pi/Pico_SDK_v1.5.1/pico-sdk/lib/tinyusb/src/portable/raspberrypi/rp2040/dcd_rp2040.c.obj
                0x100052ac                dcd_edpt_stall
 .text.dcd_edpt_clear_stall
                0x100052d8       0x20 CMakeFiles/oled.dir/C_/Program_Files/Raspberry_Pi/Pico_SDK_v1.5.1/pico-sdk/lib/tinyusb/src/portable/raspberrypi/rp2040/dcd_rp2040.c.obj
                0x100052d8                dcd_edpt_clear_stall
 .text.rp2040_usb_init
                0x100052f8       0x4c CMakeFiles/oled.dir/C_/Program_Files/Raspberry_Pi/Pico_SDK_v1.5.1/pico-sdk/lib/tinyusb/src/portable/raspberrypi/rp2040/rp2040_usb.c.obj
                0x100052f8                rp2040_usb_init
 .text.hw_endpoint_xfer_start
                0x10005344       0x50 CMakeFiles/oled.dir/C_/Program_Files/Raspberry_Pi/Pico_SDK_v1.5.1/pico-sdk/lib/tinyusb/src/portable/raspberrypi/rp2040/rp2040_usb.c.obj
                0x10005344                hw_endpoint_xfer_start
 .text.configuration_reset
                0x10005394       0x84 CMakeFiles/oled.dir/C_/Program_Files/Raspberry_Pi/Pico_SDK_v1.5.1/pico-sdk/lib/tinyusb/src/device/usbd.c.obj
 .text.critical_section_enter_blocking
                0x10005418       0x16 CMakeFiles/oled.dir/C_/Program_Files/Raspberry_Pi/Pico_SDK_v1.5.1/pico-sdk/lib/tinyusb/src/device/usbd.c.obj
 .text.usbd_reset
                0x1000542e        0xc CMakeFiles/oled.dir/C_/Program_Files/Raspberry_Pi/Pico_SDK_v1.5.1/pico-sdk/lib/tinyusb/src/device/usbd.c.obj
 .text.invoke_class_control
                0x1000543a       0x1a CMakeFiles/oled.dir/C_/Program_Files/Raspberry_Pi/Pico_SDK_v1.5.1/pico-sdk/lib/tinyusb/src/device/usbd.c.obj
 .text.process_set_config
                0x10005454      0x178 CMakeFiles/oled.dir/C_/Program_Files/Raspberry_Pi/Pico_SDK_v1.5.1/pico-sdk/lib/tinyusb/src/device/usbd.c.obj
 .text.process_get_descriptor
                0x100055cc       0xdc CMakeFiles/oled.dir/C_/Program_Files/Raspberry_Pi/Pico_SDK_v1.5.1/pico-sdk/lib/tinyusb/src/device/usbd.c.obj
 .text.tud_mounted
                0x100056a8       0x10 CMakeFiles/oled.dir/C_/Program_Files/Raspberry_Pi/Pico_SDK_v1.5.1/pico-sdk/lib/tinyusb/src/device/usbd.c.obj
                0x100056a8                tud_mounted
 .text.tud_suspended
                0x100056b8       0x10 CMakeFiles/oled.dir/C_/Program_Files/Raspberry_Pi/Pico_SDK_v1.5.1/pico-sdk/lib/tinyusb/src/device/usbd.c.obj
                0x100056b8                tud_suspended
 .text.tud_inited
                0x100056c8       0x14 CMakeFiles/oled.dir/C_/Program_Files/Raspberry_Pi/Pico_SDK_v1.5.1/pico-sdk/lib/tinyusb/src/device/usbd.c.obj
                0x100056c8                tud_inited
 .text.tud_init
                0x100056dc       0xcc CMakeFiles/oled.dir/C_/Program_Files/Raspberry_Pi/Pico_SDK_v1.5.1/pico-sdk/lib/tinyusb/src/device/usbd.c.obj
                0x100056dc                tud_init
 .text.usbd_defer_func
                0x100057a8       0x2a CMakeFiles/oled.dir/C_/Program_Files/Raspberry_Pi/Pico_SDK_v1.5.1/pico-sdk/lib/tinyusb/src/device/usbd.c.obj
                0x100057a8                usbd_defer_func
 *fill*         0x100057d2        0x2 
 .text.usbd_edpt_open
                0x100057d4       0x34 CMakeFiles/oled.dir/C_/Program_Files/Raspberry_Pi/Pico_SDK_v1.5.1/pico-sdk/lib/tinyusb/src/device/usbd.c.obj
                0x100057d4                usbd_edpt_open
 .text.usbd_open_edpt_pair
                0x10005808       0x62 CMakeFiles/oled.dir/C_/Program_Files/Raspberry_Pi/Pico_SDK_v1.5.1/pico-sdk/lib/tinyusb/src/device/usbd.c.obj
                0x10005808                usbd_open_edpt_pair
 *fill*         0x1000586a        0x2 
 .text.usbd_edpt_claim
                0x1000586c       0x28 CMakeFiles/oled.dir/C_/Program_Files/Raspberry_Pi/Pico_SDK_v1.5.1/pico-sdk/lib/tinyusb/src/device/usbd.c.obj
                0x1000586c                usbd_edpt_claim
 .text.usbd_edpt_release
                0x10005894       0x28 CMakeFiles/oled.dir/C_/Program_Files/Raspberry_Pi/Pico_SDK_v1.5.1/pico-sdk/lib/tinyusb/src/device/usbd.c.obj
                0x10005894                usbd_edpt_release
 .text.usbd_edpt_xfer
                0x100058bc       0x78 CMakeFiles/oled.dir/C_/Program_Files/Raspberry_Pi/Pico_SDK_v1.5.1/pico-sdk/lib/tinyusb/src/device/usbd.c.obj
                0x100058bc                usbd_edpt_xfer
 .text.usbd_edpt_stall
                0x10005934       0x48 CMakeFiles/oled.dir/C_/Program_Files/Raspberry_Pi/Pico_SDK_v1.5.1/pico-sdk/lib/tinyusb/src/device/usbd.c.obj
                0x10005934                usbd_edpt_stall
 .text.usbd_edpt_clear_stall
                0x1000597c       0x48 CMakeFiles/oled.dir/C_/Program_Files/Raspberry_Pi/Pico_SDK_v1.5.1/pico-sdk/lib/tinyusb/src/device/usbd.c.obj
                0x1000597c                usbd_edpt_clear_stall
 .text.usbd_edpt_stalled
                0x100059c4       0x1c CMakeFiles/oled.dir/C_/Program_Files/Raspberry_Pi/Pico_SDK_v1.5.1/pico-sdk/lib/tinyusb/src/device/usbd.c.obj
                0x100059c4                usbd_edpt_stalled
 .text.process_control_request
                0x100059e0      0x374 CMakeFiles/oled.dir/C_/Program_Files/Raspberry_Pi/Pico_SDK_v1.5.1/pico-sdk/lib/tinyusb/src/device/usbd.c.obj
 .text.tud_task_ext
                0x10005d54      0x1a8 CMakeFiles/oled.dir/C_/Program_Files/Raspberry_Pi/Pico_SDK_v1.5.1/pico-sdk/lib/tinyusb/src/device/usbd.c.obj
                0x10005d54                tud_task_ext
 .text._status_stage_xact
                0x10005efc       0x1a CMakeFiles/oled.dir/C_/Program_Files/Raspberry_Pi/Pico_SDK_v1.5.1/pico-sdk/lib/tinyusb/src/device/usbd_control.c.obj
 *fill*         0x10005f16        0x2 
 .text._data_stage_xact
                0x10005f18       0x58 CMakeFiles/oled.dir/C_/Program_Files/Raspberry_Pi/Pico_SDK_v1.5.1/pico-sdk/lib/tinyusb/src/device/usbd_control.c.obj
 .text.tud_control_status
                0x10005f70       0x28 CMakeFiles/oled.dir/C_/Program_Files/Raspberry_Pi/Pico_SDK_v1.5.1/pico-sdk/lib/tinyusb/src/device/usbd_control.c.obj
                0x10005f70                tud_control_status
 .text.tud_control_xfer
                0x10005f98       0x68 CMakeFiles/oled.dir/C_/Program_Files/Raspberry_Pi/Pico_SDK_v1.5.1/pico-sdk/lib/tinyusb/src/device/usbd_control.c.obj
                0x10005f98                tud_control_xfer
 .text.usbd_control_reset
                0x10006000       0x14 CMakeFiles/oled.dir/C_/Program_Files/Raspberry_Pi/Pico_SDK_v1.5.1/pico-sdk/lib/tinyusb/src/device/usbd_control.c.obj
                0x10006000                usbd_control_reset
 .text.usbd_control_set_complete_callback
                0x10006014        0xc CMakeFiles/oled.dir/C_/Program_Files/Raspberry_Pi/Pico_SDK_v1.5.1/pico-sdk/lib/tinyusb/src/device/usbd_control.c.obj
                0x10006014                usbd_control_set_complete_callback
 .text.usbd_control_set_request
                0x10006020       0x1c CMakeFiles/oled.dir/C_/Program_Files/Raspberry_Pi/Pico_SDK_v1.5.1/pico-sdk/lib/tinyusb/src/device/usbd_control.c.obj
                0x10006020                usbd_control_set_request
 .text.usbd_control_xfer_cb
                0x1000603c       0xbc CMakeFiles/oled.dir/C_/Program_Files/Raspberry_Pi/Pico_SDK_v1.5.1/pico-sdk/lib/tinyusb/src/device/usbd_control.c.obj
                0x1000603c                usbd_control_xfer_cb
 .text._prep_out_transaction
                0x100060f8       0x4a CMakeFiles/oled.dir/C_/Program_Files/Raspberry_Pi/Pico_SDK_v1.5.1/pico-sdk/lib/tinyusb/src/class/cdc/cdc_device.c.obj
 *fill*         0x10006142        0x2 
 .text.tud_cdc_n_connected
                0x10006144       0x38 CMakeFiles/oled.dir/C_/Program_Files/Raspberry_Pi/Pico_SDK_v1.5.1/pico-sdk/lib/tinyusb/src/class/cdc/cdc_device.c.obj
                0x10006144                tud_cdc_n_connected
 .text.tud_cdc_n_available
                0x1000617c       0x18 CMakeFiles/oled.dir/C_/Program_Files/Raspberry_Pi/Pico_SDK_v1.5.1/pico-sdk/lib/tinyusb/src/class/cdc/cdc_device.c.obj
                0x1000617c                tud_cdc_n_available
 .text.tud_cdc_n_read
                0x10006194       0x28 CMakeFiles/oled.dir/C_/Program_Files/Raspberry_Pi/Pico_SDK_v1.5.1/pico-sdk/lib/tinyusb/src/class/cdc/cdc_device.c.obj
                0x10006194                tud_cdc_n_read
 .text.tud_cdc_n_write_flush
                0x100061bc       0xb8 CMakeFiles/oled.dir/C_/Program_Files/Raspberry_Pi/Pico_SDK_v1.5.1/pico-sdk/lib/tinyusb/src/class/cdc/cdc_device.c.obj
                0x100061bc                tud_cdc_n_write_flush
 .text.tud_cdc_n_write
                0x10006274       0x38 CMakeFiles/oled.dir/C_/Program_Files/Raspberry_Pi/Pico_SDK_v1.5.1/pico-sdk/lib/tinyusb/src/class/cdc/cdc_device.c.obj
                0x10006274                tud_cdc_n_write
 .text.tud_cdc_n_write_available
                0x100062ac       0x1c CMakeFiles/oled.dir/C_/Program_Files/Raspberry_Pi/Pico_SDK_v1.5.1/pico-sdk/lib/tinyusb/src/class/cdc/cdc_device.c.obj
                0x100062ac                tud_cdc_n_write_available
 .text.cdcd_init
                0x100062c8       0xbc CMakeFiles/oled.dir/C_/Program_Files/Raspberry_Pi/Pico_SDK_v1.5.1/pico-sdk/lib/tinyusb/src/class/cdc/cdc_device.c.obj
                0x100062c8                cdcd_init
 .text.cdcd_reset
                0x10006384       0x44 CMakeFiles/oled.dir/C_/Program_Files/Raspberry_Pi/Pico_SDK_v1.5.1/pico-sdk/lib/tinyusb/src/class/cdc/cdc_device.c.obj
                0x10006384                cdcd_reset
 .text.cdcd_open
                0x100063c8       0xc4 CMakeFiles/oled.dir/C_/Program_Files/Raspberry_Pi/Pico_SDK_v1.5.1/pico-sdk/lib/tinyusb/src/class/cdc/cdc_device.c.obj
                0x100063c8                cdcd_open
 .text.cdcd_control_xfer_cb
                0x1000648c      0x134 CMakeFiles/oled.dir/C_/Program_Files/Raspberry_Pi/Pico_SDK_v1.5.1/pico-sdk/lib/tinyusb/src/class/cdc/cdc_device.c.obj
                0x1000648c                cdcd_control_xfer_cb
 .text.cdcd_xfer_cb
                0x100065c0      0x130 CMakeFiles/oled.dir/C_/Program_Files/Raspberry_Pi/Pico_SDK_v1.5.1/pico-sdk/lib/tinyusb/src/class/cdc/cdc_device.c.obj
                0x100065c0                cdcd_xfer_cb
 .text.tusb_init
                0x100066f0        0xa CMakeFiles/oled.dir/C_/Program_Files/Raspberry_Pi/Pico_SDK_v1.5.1/pico-sdk/lib/tinyusb/src/tusb.c.obj
                0x100066f0                tusb_init
 .text.tusb_inited
                0x100066fa        0xe CMakeFiles/oled.dir/C_/Program_Files/Raspberry_Pi/Pico_SDK_v1.5.1/pico-sdk/lib/tinyusb/src/tusb.c.obj
                0x100066fa                tusb_inited
 .text.tu_edpt_claim
                0x10006708       0x50 CMakeFiles/oled.dir/C_/Program_Files/Raspberry_Pi/Pico_SDK_v1.5.1/pico-sdk/lib/tinyusb/src/tusb.c.obj
                0x10006708                tu_edpt_claim
 .text.tu_edpt_release
                0x10006758       0x38 CMakeFiles/oled.dir/C_/Program_Files/Raspberry_Pi/Pico_SDK_v1.5.1/pico-sdk/lib/tinyusb/src/tusb.c.obj
                0x10006758                tu_edpt_release
 .text.tu_edpt_validate
                0x10006790       0x78 CMakeFiles/oled.dir/C_/Program_Files/Raspberry_Pi/Pico_SDK_v1.5.1/pico-sdk/lib/tinyusb/src/tusb.c.obj
                0x10006790                tu_edpt_validate
 .text.tu_edpt_bind_driver
                0x10006808       0x26 CMakeFiles/oled.dir/C_/Program_Files/Raspberry_Pi/Pico_SDK_v1.5.1/pico-sdk/lib/tinyusb/src/tusb.c.obj
                0x10006808                tu_edpt_bind_driver
 .text.advance_index
                0x1000682e       0x1a CMakeFiles/oled.dir/C_/Program_Files/Raspberry_Pi/Pico_SDK_v1.5.1/pico-sdk/lib/tinyusb/src/common/tusb_fifo.c.obj
 .text._tu_fifo_peek
                0x10006848       0x56 CMakeFiles/oled.dir/C_/Program_Files/Raspberry_Pi/Pico_SDK_v1.5.1/pico-sdk/lib/tinyusb/src/common/tusb_fifo.c.obj
 .text._ff_pull_const_addr
                0x1000689e       0x4c CMakeFiles/oled.dir/C_/Program_Files/Raspberry_Pi/Pico_SDK_v1.5.1/pico-sdk/lib/tinyusb/src/common/tusb_fifo.c.obj
 .text._ff_pull_n
                0x100068ea      0x110 CMakeFiles/oled.dir/C_/Program_Files/Raspberry_Pi/Pico_SDK_v1.5.1/pico-sdk/lib/tinyusb/src/common/tusb_fifo.c.obj
 .text._tu_fifo_peek_n
                0x100069fa       0x6a CMakeFiles/oled.dir/C_/Program_Files/Raspberry_Pi/Pico_SDK_v1.5.1/pico-sdk/lib/tinyusb/src/common/tusb_fifo.c.obj
 .text._tu_fifo_read_n
                0x10006a64       0x4e CMakeFiles/oled.dir/C_/Program_Files/Raspberry_Pi/Pico_SDK_v1.5.1/pico-sdk/lib/tinyusb/src/common/tusb_fifo.c.obj
 .text._ff_push_const_addr
                0x10006ab2       0x40 CMakeFiles/oled.dir/C_/Program_Files/Raspberry_Pi/Pico_SDK_v1.5.1/pico-sdk/lib/tinyusb/src/common/tusb_fifo.c.obj
 .text._ff_push_n
                0x10006af2      0x10c CMakeFiles/oled.dir/C_/Program_Files/Raspberry_Pi/Pico_SDK_v1.5.1/pico-sdk/lib/tinyusb/src/common/tusb_fifo.c.obj
 .text._tu_fifo_write_n
                0x10006bfe       0xf0 CMakeFiles/oled.dir/C_/Program_Files/Raspberry_Pi/Pico_SDK_v1.5.1/pico-sdk/lib/tinyusb/src/common/tusb_fifo.c.obj
 .text.tu_fifo_config
                0x10006cee       0x7c CMakeFiles/oled.dir/C_/Program_Files/Raspberry_Pi/Pico_SDK_v1.5.1/pico-sdk/lib/tinyusb/src/common/tusb_fifo.c.obj
                0x10006cee                tu_fifo_config
 .text.tu_fifo_count
                0x10006d6a       0x2a CMakeFiles/oled.dir/C_/Program_Files/Raspberry_Pi/Pico_SDK_v1.5.1/pico-sdk/lib/tinyusb/src/common/tusb_fifo.c.obj
                0x10006d6a                tu_fifo_count
 .text.tu_fifo_empty
                0x10006d94        0xe CMakeFiles/oled.dir/C_/Program_Files/Raspberry_Pi/Pico_SDK_v1.5.1/pico-sdk/lib/tinyusb/src/common/tusb_fifo.c.obj
                0x10006d94                tu_fifo_empty
 .text.tu_fifo_full
                0x10006da2       0x28 CMakeFiles/oled.dir/C_/Program_Files/Raspberry_Pi/Pico_SDK_v1.5.1/pico-sdk/lib/tinyusb/src/common/tusb_fifo.c.obj
                0x10006da2                tu_fifo_full
 .text.tu_fifo_remaining
                0x10006dca       0x2c CMakeFiles/oled.dir/C_/Program_Files/Raspberry_Pi/Pico_SDK_v1.5.1/pico-sdk/lib/tinyusb/src/common/tusb_fifo.c.obj
                0x10006dca                tu_fifo_remaining
 .text.tu_fifo_read
                0x10006df6       0x42 CMakeFiles/oled.dir/C_/Program_Files/Raspberry_Pi/Pico_SDK_v1.5.1/pico-sdk/lib/tinyusb/src/common/tusb_fifo.c.obj
                0x10006df6                tu_fifo_read
 .text.tu_fifo_read_n
                0x10006e38        0xa CMakeFiles/oled.dir/C_/Program_Files/Raspberry_Pi/Pico_SDK_v1.5.1/pico-sdk/lib/tinyusb/src/common/tusb_fifo.c.obj
                0x10006e38                tu_fifo_read_n
 .text.tu_fifo_write
                0x10006e42       0x64 CMakeFiles/oled.dir/C_/Program_Files/Raspberry_Pi/Pico_SDK_v1.5.1/pico-sdk/lib/tinyusb/src/common/tusb_fifo.c.obj
                0x10006e42                tu_fifo_write
 .text.tu_fifo_write_n
                0x10006ea6        0xa CMakeFiles/oled.dir/C_/Program_Files/Raspberry_Pi/Pico_SDK_v1.5.1/pico-sdk/lib/tinyusb/src/common/tusb_fifo.c.obj
                0x10006ea6                tu_fifo_write_n
 .text.tu_fifo_clear
                0x10006eb0       0x3e CMakeFiles/oled.dir/C_/Program_Files/Raspberry_Pi/Pico_SDK_v1.5.1/pico-sdk/lib/tinyusb/src/common/tusb_fifo.c.obj
                0x10006eb0                tu_fifo_clear
 .text.tu_fifo_set_overwritable
                0x10006eee       0x46 CMakeFiles/oled.dir/C_/Program_Files/Raspberry_Pi/Pico_SDK_v1.5.1/pico-sdk/lib/tinyusb/src/common/tusb_fifo.c.obj
                0x10006eee                tu_fifo_set_overwritable
 .text.i2c_write_blocking_internal
                0x10006f34      0x146 CMakeFiles/oled.dir/C_/Program_Files/Raspberry_Pi/Pico_SDK_v1.5.1/pico-sdk/src/rp2_common/hardware_i2c/i2c.c.obj
 *fill*         0x1000707a        0x2 
 .text.i2c_set_baudrate
                0x1000707c       0xf0 CMakeFiles/oled.dir/C_/Program_Files/Raspberry_Pi/Pico_SDK_v1.5.1/pico-sdk/src/rp2_common/hardware_i2c/i2c.c.obj
                0x1000707c                i2c_set_baudrate
 .text.i2c_init
                0x1000716c       0x58 CMakeFiles/oled.dir/C_/Program_Files/Raspberry_Pi/Pico_SDK_v1.5.1/pico-sdk/src/rp2_common/hardware_i2c/i2c.c.obj
                0x1000716c                i2c_init
 .text.i2c_write_blocking
                0x100071c4       0x18 CMakeFiles/oled.dir/C_/Program_Files/Raspberry_Pi/Pico_SDK_v1.5.1/pico-sdk/src/rp2_common/hardware_i2c/i2c.c.obj
                0x100071c4                i2c_write_blocking
 .text.malloc   0x100071dc       0x14 C:/arm/ARM-NO~1/133167~1.3RE/bin/../lib/gcc/arm-none-eabi/13.3.1/thumb/v6-m/nofp\libg.a(libc_a-malloc.o)
                0x100071dc                malloc
 .text._malloc_r
                0x100071f0      0x5c4 C:/arm/ARM-NO~1/133167~1.3RE/bin/../lib/gcc/arm-none-eabi/13.3.1/thumb/v6-m/nofp\libg.a(libc_a-mallocr.o)
                0x100071f0                _malloc_r
 .text.__malloc_lock
                0x100077b4       0x10 C:/arm/ARM-NO~1/133167~1.3RE/bin/../lib/gcc/arm-none-eabi/13.3.1/thumb/v6-m/nofp\libg.a(libc_a-mlock.o)
                0x100077b4                __malloc_lock
 .text.__malloc_unlock
                0x100077c4       0x10 C:/arm/ARM-NO~1/133167~1.3RE/bin/../lib/gcc/arm-none-eabi/13.3.1/thumb/v6-m/nofp\libg.a(libc_a-mlock.o)
                0x100077c4                __malloc_unlock
 .text._sbrk_r  0x100077d4       0x24 C:/arm/ARM-NO~1/133167~1.3RE/bin/../lib/gcc/arm-none-eabi/13.3.1/thumb/v6-m/nofp\libg.a(libc_a-sbrkr.o)
                0x100077d4                _sbrk_r
 .text.__errno  0x100077f8        0xc C:/arm/ARM-NO~1/133167~1.3RE/bin/../lib/gcc/arm-none-eabi/13.3.1/thumb/v6-m/nofp\libg.a(libc_a-errno.o)
                0x100077f8                __errno
 .text.__retarget_lock_acquire_recursive
                0x10007804        0x4 C:/arm/ARM-NO~1/133167~1.3RE/bin/../lib/gcc/arm-none-eabi/13.3.1/thumb/v6-m/nofp\libg.a(libc_a-lock.o)
                0x10007804                __retarget_lock_acquire_recursive
 .text.__retarget_lock_release_recursive
                0x10007808        0x4 C:/arm/ARM-NO~1/133167~1.3RE/bin/../lib/gcc/arm-none-eabi/13.3.1/thumb/v6-m/nofp\libg.a(libc_a-lock.o)
                0x10007808                __retarget_lock_release_recursive
 .text.sysconf  0x1000780c       0x1c C:/arm/ARM-NO~1/133167~1.3RE/bin/../lib/gcc/arm-none-eabi/13.3.1/thumb/v6-m/nofp\libg.a(libc_a-sysconf.o)
                0x1000780c                sysconf
 .text.strlen   0x10007828       0x5c C:/arm/ARM-NO~1/133167~1.3RE/bin/../lib/gcc/arm-none-eabi/13.3.1/thumb/v6-m/nofp\libg.a(libc_a-strlen-stub.o)
                0x10007828                strlen
 .text._malloc_trim_r
                0x10007884       0xb4 C:/arm/ARM-NO~1/133167~1.3RE/bin/../lib/gcc/arm-none-eabi/13.3.1/thumb/v6-m/nofp\libg.a(libc_a-freer.o)
                0x10007884                _malloc_trim_r
 .text._free_r  0x10007938      0x1d4 C:/arm/ARM-NO~1/133167~1.3RE/bin/../lib/gcc/arm-none-eabi/13.3.1/thumb/v6-m/nofp\libg.a(libc_a-freer.o)
                0x10007938                _free_r
 *(.fini)
 .fini          0x10007b0c        0x4 C:/arm/ARM-NO~1/133167~1.3RE/bin/../lib/gcc/arm-none-eabi/13.3.1/thumb/v6-m/nofp/crti.o
                0x10007b0c                _fini
 .fini.__stub   0x10007b10       0xe0 linker stubs
 *crtbegin.o(.ctors)
 *crtbegin?.o(.ctors)
 *(EXCLUDE_FILE(*crtend.o *crtend?.o) .ctors)
 *(SORT_BY_NAME(.ctors.*))
 *(.ctors)
 *crtbegin.o(.dtors)
 *crtbegin?.o(.dtors)
 *(EXCLUDE_FILE(*crtend.o *crtend?.o) .dtors)
 *(SORT_BY_NAME(.dtors.*))
 *(.dtors)
 *(.eh_frame*)
 .eh_frame      0x10007bf0        0x0 C:/arm/ARM-NO~1/133167~1.3RE/bin/../lib/gcc/arm-none-eabi/13.3.1/thumb/v6-m/nofp/crtbegin.o
                0x10007bf0                        . = ALIGN (0x4)

.glue_7         0x10007bf0        0x0
 .glue_7        0x10007bf0        0x0 linker stubs

.glue_7t        0x10007bf0        0x0
 .glue_7t       0x10007bf0        0x0 linker stubs

.vfp11_veneer   0x10007bf0        0x0
 .vfp11_veneer  0x10007bf0        0x0 linker stubs

.v4_bx          0x10007bf0        0x0
 .v4_bx         0x10007bf0        0x0 linker stubs

.iplt           0x10007bf0        0x0
 .iplt          0x10007bf0        0x0 C:/arm/ARM-NO~1/133167~1.3RE/bin/../lib/gcc/arm-none-eabi/13.3.1/thumb/v6-m/nofp/crtbegin.o

.rodata         0x10007bf0     0x19d4
 *(EXCLUDE_FILE(*libm.a: *libc.a:*lib_a-mem*.o *libgcc.a:) .rodata*)
 .rodata.str1.4
                0x10007bf0     0x1125 CMakeFiles/oled.dir/oled.c.obj
                                 0x1b (size before relaxing)
 *fill*         0x10008d15        0x3 
 .rodata        0x10008d18        0xc CMakeFiles/oled.dir/oled.c.obj
 .rodata.fancy_write.str1.4
                0x10008d24       0x2f CMakeFiles/oled.dir/C_/Users/zayam/Desktop/Oled/ssd1306.c.obj
 .rodata.ssd1306_write.str1.4
                0x10008d24        0xe CMakeFiles/oled.dir/C_/Users/zayam/Desktop/Oled/ssd1306.c.obj
 .rodata.ssd1306_show.str1.4
                0x10008d24        0xd CMakeFiles/oled.dir/C_/Users/zayam/Desktop/Oled/ssd1306.c.obj
 .rodata.font_8x5
                0x10008d24      0x1e0 CMakeFiles/oled.dir/C_/Users/zayam/Desktop/Oled/ssd1306.c.obj
                0x10008d24                font_8x5
 .rodata.spin_lock_claim_unused.str1.4
                0x10008f04       0x1b CMakeFiles/oled.dir/C_/Program_Files/Raspberry_Pi/Pico_SDK_v1.5.1/pico-sdk/src/rp2_common/hardware_sync/sync.c.obj
 .rodata.resolve_branch.str1.4
                0x10008f04       0x71 CMakeFiles/oled.dir/C_/Program_Files/Raspberry_Pi/Pico_SDK_v1.5.1/pico-sdk/src/rp2_common/hardware_irq/irq.c.obj
 .rodata.make_branch.str1.4
                0x10008f04       0x30 CMakeFiles/oled.dir/C_/Program_Files/Raspberry_Pi/Pico_SDK_v1.5.1/pico-sdk/src/rp2_common/hardware_irq/irq.c.obj
 .rodata.insert_branch_and_link.str1.4
                0x10008f04       0x10 CMakeFiles/oled.dir/C_/Program_Files/Raspberry_Pi/Pico_SDK_v1.5.1/pico-sdk/src/rp2_common/hardware_irq/irq.c.obj
 .rodata.irq_set_exclusive_handler.str1.4
                0x10008f04       0x36 CMakeFiles/oled.dir/C_/Program_Files/Raspberry_Pi/Pico_SDK_v1.5.1/pico-sdk/src/rp2_common/hardware_irq/irq.c.obj
 .rodata.irq_add_shared_handler.str1.4
                0x10008f04       0xc2 CMakeFiles/oled.dir/C_/Program_Files/Raspberry_Pi/Pico_SDK_v1.5.1/pico-sdk/src/rp2_common/hardware_irq/irq.c.obj
 .rodata.irq_remove_handler.str1.4
                0x10008f04       0x3a CMakeFiles/oled.dir/C_/Program_Files/Raspberry_Pi/Pico_SDK_v1.5.1/pico-sdk/src/rp2_common/hardware_irq/irq.c.obj
 .rodata.irq_add_tail_to_free_list.str1.4
                0x10008f04       0x3a CMakeFiles/oled.dir/C_/Program_Files/Raspberry_Pi/Pico_SDK_v1.5.1/pico-sdk/src/rp2_common/hardware_irq/irq.c.obj
 .rodata.user_irq_claim_unused.str1.4
                0x10008f04       0x1b CMakeFiles/oled.dir/C_/Program_Files/Raspberry_Pi/Pico_SDK_v1.5.1/pico-sdk/src/rp2_common/hardware_irq/irq.c.obj
 .rodata.__func__.0
                0x10008f04       0x1a CMakeFiles/oled.dir/C_/Program_Files/Raspberry_Pi/Pico_SDK_v1.5.1/pico-sdk/src/rp2_common/hardware_irq/irq.c.obj
 *fill*         0x10008f1e        0x2 
 .rodata.__func__.1
                0x10008f20       0x17 CMakeFiles/oled.dir/C_/Program_Files/Raspberry_Pi/Pico_SDK_v1.5.1/pico-sdk/src/rp2_common/hardware_irq/irq.c.obj
 *fill*         0x10008f37        0x1 
 .rodata.__func__.2
                0x10008f38       0x13 CMakeFiles/oled.dir/C_/Program_Files/Raspberry_Pi/Pico_SDK_v1.5.1/pico-sdk/src/rp2_common/hardware_irq/irq.c.obj
 *fill*         0x10008f4b        0x1 
 .rodata.__func__.3
                0x10008f4c        0xc CMakeFiles/oled.dir/C_/Program_Files/Raspberry_Pi/Pico_SDK_v1.5.1/pico-sdk/src/rp2_common/hardware_irq/irq.c.obj
 .rodata.__func__.4
                0x10008f58        0xf CMakeFiles/oled.dir/C_/Program_Files/Raspberry_Pi/Pico_SDK_v1.5.1/pico-sdk/src/rp2_common/hardware_irq/irq.c.obj
 *fill*         0x10008f67        0x1 
 .rodata.__func__.5
                0x10008f68       0x17 CMakeFiles/oled.dir/C_/Program_Files/Raspberry_Pi/Pico_SDK_v1.5.1/pico-sdk/src/rp2_common/hardware_irq/irq.c.obj
 *fill*         0x10008f7f        0x1 
 .rodata.__func__.6
                0x10008f80       0x1a CMakeFiles/oled.dir/C_/Program_Files/Raspberry_Pi/Pico_SDK_v1.5.1/pico-sdk/src/rp2_common/hardware_irq/irq.c.obj
 .rodata.update_us_since_boot.str1.4
                0x10008f9a       0x7d CMakeFiles/oled.dir/C_/Program_Files/Raspberry_Pi/Pico_SDK_v1.5.1/pico-sdk/src/common/pico_sync/mutex.c.obj
 .rodata.str1.4
                0x10008f9a       0xa5 CMakeFiles/oled.dir/C_/Program_Files/Raspberry_Pi/Pico_SDK_v1.5.1/pico-sdk/src/common/pico_sync/mutex.c.obj
 *fill*         0x10008f9a        0x2 
 .rodata.__func__.1
                0x10008f9c        0xb CMakeFiles/oled.dir/C_/Program_Files/Raspberry_Pi/Pico_SDK_v1.5.1/pico-sdk/src/common/pico_sync/mutex.c.obj
 *fill*         0x10008fa7        0x1 
 .rodata.__func__.3
                0x10008fa8       0x18 CMakeFiles/oled.dir/C_/Program_Files/Raspberry_Pi/Pico_SDK_v1.5.1/pico-sdk/src/common/pico_sync/mutex.c.obj
 .rodata.__func__.4
                0x10008fc0       0x15 CMakeFiles/oled.dir/C_/Program_Files/Raspberry_Pi/Pico_SDK_v1.5.1/pico-sdk/src/common/pico_sync/mutex.c.obj
 .rodata.get_entry.str1.4
                0x10008fd5       0x77 CMakeFiles/oled.dir/C_/Program_Files/Raspberry_Pi/Pico_SDK_v1.5.1/pico-sdk/src/common/pico_time/time.c.obj
 .rodata.update_us_since_boot.str1.4
                0x10008fd5       0x7d CMakeFiles/oled.dir/C_/Program_Files/Raspberry_Pi/Pico_SDK_v1.5.1/pico-sdk/src/common/pico_time/time.c.obj
 .rodata.ph_get_node.str1.4
                0x10008fd5       0x82 CMakeFiles/oled.dir/C_/Program_Files/Raspberry_Pi/Pico_SDK_v1.5.1/pico-sdk/src/common/pico_time/time.c.obj
 .rodata.ph_add_child_node.str1.4
                0x10008fd5       0x2e CMakeFiles/oled.dir/C_/Program_Files/Raspberry_Pi/Pico_SDK_v1.5.1/pico-sdk/src/common/pico_time/time.c.obj
 .rodata.ph_insert_node.str1.4
                0x10008fd5        0x3 CMakeFiles/oled.dir/C_/Program_Files/Raspberry_Pi/Pico_SDK_v1.5.1/pico-sdk/src/common/pico_time/time.c.obj
 .rodata.ph_free_node.str1.4
                0x10008fd5       0x38 CMakeFiles/oled.dir/C_/Program_Files/Raspberry_Pi/Pico_SDK_v1.5.1/pico-sdk/src/common/pico_time/time.c.obj
 .rodata.add_alarm_under_lock.str1.4
                0x10008fd5       0x28 CMakeFiles/oled.dir/C_/Program_Files/Raspberry_Pi/Pico_SDK_v1.5.1/pico-sdk/src/common/pico_time/time.c.obj
 .rodata.alarm_pool_alarm_callback.str1.4
                0x10008fd5       0x60 CMakeFiles/oled.dir/C_/Program_Files/Raspberry_Pi/Pico_SDK_v1.5.1/pico-sdk/src/common/pico_time/time.c.obj
 .rodata.alarm_pool_get_default.str1.4
                0x10008fd5       0x21 CMakeFiles/oled.dir/C_/Program_Files/Raspberry_Pi/Pico_SDK_v1.5.1/pico-sdk/src/common/pico_time/time.c.obj
 .rodata.alarm_pool_cancel_alarm.str1.4
                0x10008fd5       0x27 CMakeFiles/oled.dir/C_/Program_Files/Raspberry_Pi/Pico_SDK_v1.5.1/pico-sdk/src/common/pico_time/time.c.obj
 .rodata.sleep_until.str1.4
                0x10008fd5       0x4d CMakeFiles/oled.dir/C_/Program_Files/Raspberry_Pi/Pico_SDK_v1.5.1/pico-sdk/src/common/pico_time/time.c.obj
 *fill*         0x10008fd5        0x3 
 .rodata.__func__.1
                0x10008fd8       0x18 CMakeFiles/oled.dir/C_/Program_Files/Raspberry_Pi/Pico_SDK_v1.5.1/pico-sdk/src/common/pico_time/time.c.obj
 .rodata.__func__.3
                0x10008ff0       0x17 CMakeFiles/oled.dir/C_/Program_Files/Raspberry_Pi/Pico_SDK_v1.5.1/pico-sdk/src/common/pico_time/time.c.obj
 *fill*         0x10009007        0x1 
 .rodata.__func__.4
                0x10009008       0x12 CMakeFiles/oled.dir/C_/Program_Files/Raspberry_Pi/Pico_SDK_v1.5.1/pico-sdk/src/common/pico_time/time.c.obj
 *fill*         0x1000901a        0x2 
 .rodata.__func__.5
                0x1000901c        0xd CMakeFiles/oled.dir/C_/Program_Files/Raspberry_Pi/Pico_SDK_v1.5.1/pico-sdk/src/common/pico_time/time.c.obj
 *fill*         0x10009029        0x3 
 .rodata.__func__.6
                0x1000902c       0x12 CMakeFiles/oled.dir/C_/Program_Files/Raspberry_Pi/Pico_SDK_v1.5.1/pico-sdk/src/common/pico_time/time.c.obj
 *fill*         0x1000903e        0x2 
 .rodata.__func__.7
                0x10009040        0xf CMakeFiles/oled.dir/C_/Program_Files/Raspberry_Pi/Pico_SDK_v1.5.1/pico-sdk/src/common/pico_time/time.c.obj
 *fill*         0x1000904f        0x1 
 .rodata.__func__.8
                0x10009050        0xc CMakeFiles/oled.dir/C_/Program_Files/Raspberry_Pi/Pico_SDK_v1.5.1/pico-sdk/src/common/pico_time/time.c.obj
 .rodata.__func__.9
                0x1000905c       0x15 CMakeFiles/oled.dir/C_/Program_Files/Raspberry_Pi/Pico_SDK_v1.5.1/pico-sdk/src/common/pico_time/time.c.obj
 *fill*         0x10009071        0x3 
 .rodata.__func__.10
                0x10009074       0x15 CMakeFiles/oled.dir/C_/Program_Files/Raspberry_Pi/Pico_SDK_v1.5.1/pico-sdk/src/common/pico_time/time.c.obj
 *fill*         0x10009089        0x3 
 .rodata.__func__.11
                0x1000908c       0x1a CMakeFiles/oled.dir/C_/Program_Files/Raspberry_Pi/Pico_SDK_v1.5.1/pico-sdk/src/common/pico_time/time.c.obj
 *fill*         0x100090a6        0x2 
 .rodata.__func__.12
                0x100090a8        0xa CMakeFiles/oled.dir/C_/Program_Files/Raspberry_Pi/Pico_SDK_v1.5.1/pico-sdk/src/common/pico_time/time.c.obj
 .rodata.hardware_alarm_claim.str1.4
                0x100090b2       0x22 CMakeFiles/oled.dir/C_/Program_Files/Raspberry_Pi/Pico_SDK_v1.5.1/pico-sdk/src/rp2_common/hardware_timer/timer.c.obj
 .rodata.hardware_alarm_set_target.str1.4
                0x100090b2       0x81 CMakeFiles/oled.dir/C_/Program_Files/Raspberry_Pi/Pico_SDK_v1.5.1/pico-sdk/src/rp2_common/hardware_timer/timer.c.obj
 *fill*         0x100090b2        0x2 
 .rodata.__func__.0
                0x100090b4       0x1a CMakeFiles/oled.dir/C_/Program_Files/Raspberry_Pi/Pico_SDK_v1.5.1/pico-sdk/src/rp2_common/hardware_timer/timer.c.obj
 .rodata.ph_get_node.str1.4
                0x100090ce       0x82 CMakeFiles/oled.dir/C_/Program_Files/Raspberry_Pi/Pico_SDK_v1.5.1/pico-sdk/src/common/pico_util/pheap.c.obj
 .rodata.ph_add_child_node.str1.4
                0x100090ce       0x2e CMakeFiles/oled.dir/C_/Program_Files/Raspberry_Pi/Pico_SDK_v1.5.1/pico-sdk/src/common/pico_util/pheap.c.obj
 .rodata.ph_remove_any_head.str1.4
                0x100090ce       0xbc CMakeFiles/oled.dir/C_/Program_Files/Raspberry_Pi/Pico_SDK_v1.5.1/pico-sdk/src/common/pico_util/pheap.c.obj
 .rodata.ph_remove_and_free_node.str1.4
                0x100090ce       0x26 CMakeFiles/oled.dir/C_/Program_Files/Raspberry_Pi/Pico_SDK_v1.5.1/pico-sdk/src/common/pico_util/pheap.c.obj
 *fill*         0x100090ce        0x2 
 .rodata.__func__.0
                0x100090d0       0x18 CMakeFiles/oled.dir/C_/Program_Files/Raspberry_Pi/Pico_SDK_v1.5.1/pico-sdk/src/common/pico_util/pheap.c.obj
 .rodata.__func__.1
                0x100090e8       0x13 CMakeFiles/oled.dir/C_/Program_Files/Raspberry_Pi/Pico_SDK_v1.5.1/pico-sdk/src/common/pico_util/pheap.c.obj
 *fill*         0x100090fb        0x1 
 .rodata.__func__.2
                0x100090fc       0x12 CMakeFiles/oled.dir/C_/Program_Files/Raspberry_Pi/Pico_SDK_v1.5.1/pico-sdk/src/common/pico_util/pheap.c.obj
 *fill*         0x1000910e        0x2 
 .rodata.__func__.3
                0x10009110        0xc CMakeFiles/oled.dir/C_/Program_Files/Raspberry_Pi/Pico_SDK_v1.5.1/pico-sdk/src/common/pico_util/pheap.c.obj
 .rodata.clock_configure.str1.4
                0x1000911c       0x73 CMakeFiles/oled.dir/C_/Program_Files/Raspberry_Pi/Pico_SDK_v1.5.1/pico-sdk/src/rp2_common/hardware_clocks/clocks.c.obj
 .rodata.__func__.1
                0x1000911c       0x10 CMakeFiles/oled.dir/C_/Program_Files/Raspberry_Pi/Pico_SDK_v1.5.1/pico-sdk/src/rp2_common/hardware_clocks/clocks.c.obj
 .rodata.pll_init.str1.4
                0x1000912c      0x140 CMakeFiles/oled.dir/C_/Program_Files/Raspberry_Pi/Pico_SDK_v1.5.1/pico-sdk/src/rp2_common/hardware_pll/pll.c.obj
 .rodata.__func__.0
                0x1000912c        0x9 CMakeFiles/oled.dir/C_/Program_Files/Raspberry_Pi/Pico_SDK_v1.5.1/pico-sdk/src/rp2_common/hardware_pll/pll.c.obj
 .rodata.__assert_func.str1.4
                0x10009135       0x43 CMakeFiles/oled.dir/C_/Program_Files/Raspberry_Pi/Pico_SDK_v1.5.1/pico-sdk/src/rp2_common/pico_runtime/runtime.c.obj
 .rodata.runtime_init.str1.4
                0x10009135       0x7d CMakeFiles/oled.dir/C_/Program_Files/Raspberry_Pi/Pico_SDK_v1.5.1/pico-sdk/src/rp2_common/pico_runtime/runtime.c.obj
 .rodata.panic.str1.4
                0x10009135       0x12 CMakeFiles/oled.dir/C_/Program_Files/Raspberry_Pi/Pico_SDK_v1.5.1/pico-sdk/src/rp2_common/pico_runtime/runtime.c.obj
 *fill*         0x10009135        0x3 
 .rodata.__func__.2
                0x10009138        0xd CMakeFiles/oled.dir/C_/Program_Files/Raspberry_Pi/Pico_SDK_v1.5.1/pico-sdk/src/rp2_common/pico_runtime/runtime.c.obj
 .rodata._ftoa.str1.4
                0x10009145       0x15 CMakeFiles/oled.dir/C_/Program_Files/Raspberry_Pi/Pico_SDK_v1.5.1/pico-sdk/src/rp2_common/pico_printf/printf.c.obj
 *fill*         0x10009145        0x3 
 .rodata._vsnprintf
                0x10009148      0x19c CMakeFiles/oled.dir/C_/Program_Files/Raspberry_Pi/Pico_SDK_v1.5.1/pico-sdk/src/rp2_common/pico_printf/printf.c.obj
 *fill*         0x100092e4        0x4 
 .rodata.pow10.0
                0x100092e8       0x50 CMakeFiles/oled.dir/C_/Program_Files/Raspberry_Pi/Pico_SDK_v1.5.1/pico-sdk/src/rp2_common/pico_printf/printf.c.obj
 .rodata.__aeabi_double_init.str1.4
                0x10009338       0xb8 CMakeFiles/oled.dir/C_/Program_Files/Raspberry_Pi/Pico_SDK_v1.5.1/pico-sdk/src/rp2_common/pico_double/double_init_rom.c.obj
 .rodata.__func__.0
                0x10009338       0x14 CMakeFiles/oled.dir/C_/Program_Files/Raspberry_Pi/Pico_SDK_v1.5.1/pico-sdk/src/rp2_common/pico_double/double_init_rom.c.obj
 .rodata.__aeabi_float_init.str1.4
                0x1000934c       0x9a CMakeFiles/oled.dir/C_/Program_Files/Raspberry_Pi/Pico_SDK_v1.5.1/pico-sdk/src/rp2_common/pico_float/float_init_rom.c.obj
 .rodata.__func__.0
                0x1000934c       0x13 CMakeFiles/oled.dir/C_/Program_Files/Raspberry_Pi/Pico_SDK_v1.5.1/pico-sdk/src/rp2_common/pico_float/float_init_rom.c.obj
 .rodata.check_alloc.str1.4
                0x1000935f        0xe CMakeFiles/oled.dir/C_/Program_Files/Raspberry_Pi/Pico_SDK_v1.5.1/pico-sdk/src/rp2_common/pico_malloc/pico_malloc.c.obj
 .rodata.str1.4
                0x1000935f       0x3c CMakeFiles/oled.dir/C_/Program_Files/Raspberry_Pi/Pico_SDK_v1.5.1/pico-sdk/src/rp2_common/pico_standard_link/binary_info.c.obj
 *fill*         0x1000935f        0x1 
 .rodata.__bi_81
                0x10009360        0xc CMakeFiles/oled.dir/C_/Program_Files/Raspberry_Pi/Pico_SDK_v1.5.1/pico-sdk/src/rp2_common/pico_standard_link/binary_info.c.obj
 .rodata.__bi_75
                0x1000936c        0xc CMakeFiles/oled.dir/C_/Program_Files/Raspberry_Pi/Pico_SDK_v1.5.1/pico-sdk/src/rp2_common/pico_standard_link/binary_info.c.obj
 .rodata.__bi_44
                0x10009378        0xc CMakeFiles/oled.dir/C_/Program_Files/Raspberry_Pi/Pico_SDK_v1.5.1/pico-sdk/src/rp2_common/pico_standard_link/binary_info.c.obj
 .rodata.update_us_since_boot.str1.4
                0x10009384       0x7d CMakeFiles/oled.dir/C_/Program_Files/Raspberry_Pi/Pico_SDK_v1.5.1/pico-sdk/src/rp2_common/pico_stdio/stdio.c.obj
 .rodata.crlf_str.2
                0x10009384        0x2 CMakeFiles/oled.dir/C_/Program_Files/Raspberry_Pi/Pico_SDK_v1.5.1/pico-sdk/src/rp2_common/pico_stdio/stdio.c.obj
 *fill*         0x10009386        0x2 
 .rodata.__func__.3
                0x10009388       0x15 CMakeFiles/oled.dir/C_/Program_Files/Raspberry_Pi/Pico_SDK_v1.5.1/pico-sdk/src/rp2_common/pico_stdio/stdio.c.obj
 *fill*         0x1000939d        0x3 
 .rodata._resetd_driver
                0x100093a0       0x18 CMakeFiles/oled.dir/C_/Program_Files/Raspberry_Pi/Pico_SDK_v1.5.1/pico-sdk/src/rp2_common/pico_stdio_usb/reset_interface.c.obj
 .rodata.update_us_since_boot.str1.4
                0x100093b8       0x7d CMakeFiles/oled.dir/C_/Program_Files/Raspberry_Pi/Pico_SDK_v1.5.1/pico-sdk/src/rp2_common/pico_stdio_usb/stdio_usb.c.obj
 .rodata.stdio_usb_init.str1.4
                0x100093b8       0x69 CMakeFiles/oled.dir/C_/Program_Files/Raspberry_Pi/Pico_SDK_v1.5.1/pico-sdk/src/rp2_common/pico_stdio_usb/stdio_usb.c.obj
 .rodata.str1.4
                0x100093b8       0x13 CMakeFiles/oled.dir/C_/Program_Files/Raspberry_Pi/Pico_SDK_v1.5.1/pico-sdk/src/rp2_common/pico_stdio_usb/stdio_usb.c.obj
 .rodata.__bi_182.0
                0x100093b8        0xc CMakeFiles/oled.dir/C_/Program_Files/Raspberry_Pi/Pico_SDK_v1.5.1/pico-sdk/src/rp2_common/pico_stdio_usb/stdio_usb.c.obj
 .rodata.__func__.1
                0x100093c4        0xf CMakeFiles/oled.dir/C_/Program_Files/Raspberry_Pi/Pico_SDK_v1.5.1/pico-sdk/src/rp2_common/pico_stdio_usb/stdio_usb.c.obj
 *fill*         0x100093d3        0x1 
 .rodata.__func__.3
                0x100093d4       0x15 CMakeFiles/oled.dir/C_/Program_Files/Raspberry_Pi/Pico_SDK_v1.5.1/pico-sdk/src/rp2_common/pico_stdio_usb/stdio_usb.c.obj
 .rodata.str1.4
                0x100093e9       0x2a CMakeFiles/oled.dir/C_/Program_Files/Raspberry_Pi/Pico_SDK_v1.5.1/pico-sdk/src/rp2_common/pico_stdio_usb/stdio_usb_descriptors.c.obj
 *fill*         0x100093e9        0x3 
 .rodata.usbd_desc_str
                0x100093ec       0x18 CMakeFiles/oled.dir/C_/Program_Files/Raspberry_Pi/Pico_SDK_v1.5.1/pico-sdk/src/rp2_common/pico_stdio_usb/stdio_usb_descriptors.c.obj
 .rodata.usbd_desc_cfg
                0x10009404       0x54 CMakeFiles/oled.dir/C_/Program_Files/Raspberry_Pi/Pico_SDK_v1.5.1/pico-sdk/src/rp2_common/pico_stdio_usb/stdio_usb_descriptors.c.obj
 .rodata.usbd_desc_device
                0x10009458       0x12 CMakeFiles/oled.dir/C_/Program_Files/Raspberry_Pi/Pico_SDK_v1.5.1/pico-sdk/src/rp2_common/pico_stdio_usb/stdio_usb_descriptors.c.obj
 .rodata.pico_get_unique_board_id_string.str1.4
                0x1000946a       0x69 CMakeFiles/oled.dir/C_/Program_Files/Raspberry_Pi/Pico_SDK_v1.5.1/pico-sdk/src/rp2_common/pico_unique_id/unique_id.c.obj
 *fill*         0x1000946a        0x2 
 .rodata.__func__.0
                0x1000946c       0x20 CMakeFiles/oled.dir/C_/Program_Files/Raspberry_Pi/Pico_SDK_v1.5.1/pico-sdk/src/rp2_common/pico_unique_id/unique_id.c.obj
 .rodata.str1.4
                0x1000948c      0x176 CMakeFiles/oled.dir/C_/Program_Files/Raspberry_Pi/Pico_SDK_v1.5.1/pico-sdk/src/rp2_common/hardware_flash/flash.c.obj
 .rodata.__func__.0
                0x1000948c        0xd CMakeFiles/oled.dir/C_/Program_Files/Raspberry_Pi/Pico_SDK_v1.5.1/pico-sdk/src/rp2_common/hardware_flash/flash.c.obj
 .rodata._hw_endpoint_alloc.str1.4
                0x10009499       0xd1 CMakeFiles/oled.dir/C_/Program_Files/Raspberry_Pi/Pico_SDK_v1.5.1/pico-sdk/lib/tinyusb/src/portable/raspberrypi/rp2040/dcd_rp2040.c.obj
 .rodata.str1.4
                0x10009499       0x14 CMakeFiles/oled.dir/C_/Program_Files/Raspberry_Pi/Pico_SDK_v1.5.1/pico-sdk/lib/tinyusb/src/portable/raspberrypi/rp2040/dcd_rp2040.c.obj
 .rodata.dcd_int_enable.str1.4
                0x10009499        0xc CMakeFiles/oled.dir/C_/Program_Files/Raspberry_Pi/Pico_SDK_v1.5.1/pico-sdk/lib/tinyusb/src/portable/raspberrypi/rp2040/dcd_rp2040.c.obj
 *fill*         0x10009499        0x3 
 .rodata.__func__.0
                0x1000949c        0xe CMakeFiles/oled.dir/C_/Program_Files/Raspberry_Pi/Pico_SDK_v1.5.1/pico-sdk/lib/tinyusb/src/portable/raspberrypi/rp2040/dcd_rp2040.c.obj
 *fill*         0x100094aa        0x2 
 .rodata.__func__.1
                0x100094ac        0xe CMakeFiles/oled.dir/C_/Program_Files/Raspberry_Pi/Pico_SDK_v1.5.1/pico-sdk/lib/tinyusb/src/portable/raspberrypi/rp2040/dcd_rp2040.c.obj
 *fill*         0x100094ba        0x2 
 .rodata.__func__.3
                0x100094bc       0x10 CMakeFiles/oled.dir/C_/Program_Files/Raspberry_Pi/Pico_SDK_v1.5.1/pico-sdk/lib/tinyusb/src/portable/raspberrypi/rp2040/dcd_rp2040.c.obj
 .rodata.__func__.5
                0x100094cc        0xf CMakeFiles/oled.dir/C_/Program_Files/Raspberry_Pi/Pico_SDK_v1.5.1/pico-sdk/lib/tinyusb/src/portable/raspberrypi/rp2040/dcd_rp2040.c.obj
 *fill*         0x100094db        0x1 
 .rodata.__func__.6
                0x100094dc       0x13 CMakeFiles/oled.dir/C_/Program_Files/Raspberry_Pi/Pico_SDK_v1.5.1/pico-sdk/lib/tinyusb/src/portable/raspberrypi/rp2040/dcd_rp2040.c.obj
 *fill*         0x100094ef        0x1 
 .rodata.__func__.7
                0x100094f0        0x9 CMakeFiles/oled.dir/C_/Program_Files/Raspberry_Pi/Pico_SDK_v1.5.1/pico-sdk/lib/tinyusb/src/portable/raspberrypi/rp2040/dcd_rp2040.c.obj
 .rodata.str1.4
                0x100094f9      0x103 CMakeFiles/oled.dir/C_/Program_Files/Raspberry_Pi/Pico_SDK_v1.5.1/pico-sdk/lib/tinyusb/src/portable/raspberrypi/rp2040/rp2040_usb.c.obj
 *fill*         0x100094f9        0x3 
 .rodata.__func__.0
                0x100094fc        0xf CMakeFiles/oled.dir/C_/Program_Files/Raspberry_Pi/Pico_SDK_v1.5.1/pico-sdk/lib/tinyusb/src/portable/raspberrypi/rp2040/rp2040_usb.c.obj
 *fill*         0x1000950b        0x1 
 .rodata.process_get_descriptor